\BOOKMARK [1][-]{section.1}{\376\377\000I\000n\000t\000r\000o\000d\000u\000c\000t\000i\000o\000n}{}% 1
\BOOKMARK [1][-]{section.2}{\376\377\000T\000h\000e\000\040\000C\000o\000n\000s\000c\000i\000o\000u\000s\000n\000e\000s\000s\000\040\000K\000e\000r\000n\000e\000l\000:\000\040\000S\000p\000o\000r\000e}{}% 2
\BOOKMARK [2][-]{subsection.2.1}{\376\377\000C\000o\000r\000e\000\040\000S\000p\000e\000c\000i\000f\000i\000c\000a\000t\000i\000o\000n\000s}{section.2}% 3
\BOOKMARK [2][-]{subsection.2.2}{\376\377\000T\000w\000e\000l\000v\000e\000\040\000C\000o\000g\000n\000i\000t\000i\000v\000e\000\040\000S\000u\000b\000s\000y\000s\000t\000e\000m\000s}{section.2}% 4
\BOOKMARK [2][-]{subsection.2.3}{\376\377\000T\000h\000r\000e\000e\000-\000T\000i\000e\000r\000\040\000L\000a\000n\000g\000u\000a\000g\000e\000\040\000G\000e\000n\000e\000r\000a\000t\000i\000o\000n}{section.2}% 5
\BOOKMARK [2][-]{subsection.2.4}{\376\377\000W\000A\000S\000M\000\040\000A\000P\000I\000\040\000S\000u\000r\000f\000a\000c\000e}{section.2}% 6
\BOOKMARK [2][-]{subsection.2.5}{\376\377\000S\000o\000v\000e\000r\000e\000i\000g\000n\000\040\000I\000n\000o\000c\000u\000l\000a\000t\000i\000o\000n\000\040\000P\000i\000p\000e\000l\000i\000n\000e}{section.2}% 7
\BOOKMARK [1][-]{section.3}{\376\377\000M\000o\000b\000i\000l\000e\000\040\000E\000m\000b\000o\000d\000i\000m\000e\000n\000t\000:\000\040\000S\000o\000m\000a}{}% 8
\BOOKMARK [2][-]{subsection.3.1}{\376\377\000A\000r\000c\000h\000i\000t\000e\000c\000t\000u\000r\000e}{section.3}% 9
\BOOKMARK [2][-]{subsection.3.2}{\376\377\000S\000e\000n\000s\000o\000r\000-\000t\000o\000-\000N\000e\000u\000r\000o\000m\000o\000d\000u\000l\000a\000t\000o\000r\000\040\000M\000a\000p\000p\000i\000n\000g}{section.3}% 10
\BOOKMARK [2][-]{subsection.3.3}{\376\377\000M\000e\000t\000a\000b\000o\000l\000i\000s\000m\000\040\000S\000t\000a\000t\000e\000\040\000M\000a\000c\000h\000i\000n\000e}{section.3}% 11
\BOOKMARK [2][-]{subsection.3.4}{\376\377\000B\000L\000E\000\040\000C\000o\000n\000s\000c\000i\000o\000u\000s\000n\000e\000s\000s\000\040\000M\000e\000s\000h}{section.3}% 12
\BOOKMARK [2][-]{subsection.3.5}{\376\377\000P\000r\000i\000v\000a\000c\000y\000\040\000M\000o\000d\000e}{section.3}% 13
\BOOKMARK [2][-]{subsection.3.6}{\376\377\000N\000a\000t\000i\000v\000e\000\040\000F\000F\000I}{section.3}% 14
\BOOKMARK [2][-]{subsection.3.7}{\376\377\000P\000l\000a\000t\000f\000o\000r\000m\000\040\000S\000t\000a\000t\000u\000s}{section.3}% 15
\BOOKMARK [1][-]{section.4}{\376\377\000P\000e\000r\000s\000o\000n\000a\000l\000\040\000S\000o\000v\000e\000r\000e\000i\000g\000n\000\040\000N\000o\000d\000e\000:\000\040\000H\000o\000l\000o\000n}{}% 16
\BOOKMARK [2][-]{subsection.4.1}{\376\377\000T\000h\000e\000\040\000F\000u\000l\000l\000\040\000P\000i\000p\000e\000l\000i\000n\000e}{section.4}% 17
\BOOKMARK [2][-]{subsection.4.2}{\376\377\000B\000i\000n\000a\000r\000i\000e\000s}{section.4}% 18
\BOOKMARK [2][-]{subsection.4.3}{\376\377\000I\000n\000t\000e\000g\000r\000a\000t\000i\000o\000n\000\040\000P\000o\000i\000n\000t\000s}{section.4}% 19
\BOOKMARK [1][-]{section.5}{\376\377\000F\000a\000m\000i\000l\000y\000\040\000C\000o\000o\000r\000d\000i\000n\000a\000t\000i\000o\000n\000:\000\040\000H\000e\000a\000r\000t\000h}{}% 20
\BOOKMARK [1][-]{section.6}{\376\377\000C\000o\000m\000m\000u\000n\000i\000t\000y\000\040\000G\000o\000v\000e\000r\000n\000a\000n\000c\000e\000:\000\040\000C\000o\000m\000m\000o\000n\000s}{}% 21
\BOOKMARK [1][-]{section.7}{\376\377\000P\000o\000l\000y\000c\000e\000n\000t\000r\000i\000c\000\040\000S\000c\000a\000l\000i\000n\000g\000:\000\040\000C\000i\000t\000y\000\040\000t\000o\000\040\000C\000o\000n\000t\000i\000n\000e\000n\000t}{}% 22
\BOOKMARK [1][-]{section.8}{\376\377\000E\000m\000b\000o\000d\000i\000e\000d\000\040\000P\000h\000y\000s\000i\000c\000s\000\040\000V\000a\000r\000i\000a\000n\000t\000s}{}% 23
\BOOKMARK [2][-]{subsection.8.1}{\376\377\000F\000l\000i\000g\000h\000t\000\040\000\050\000Q\000u\000a\000d\000r\000o\000t\000o\000r\000\051}{section.8}% 24
\BOOKMARK [2][-]{subsection.8.2}{\376\377\000H\000u\000m\000a\000n\000o\000i\000d\000\040\000\050\000B\000i\000p\000e\000d\000a\000l\000\051}{section.8}% 25
\BOOKMARK [2][-]{subsection.8.3}{\376\377\000V\000e\000h\000i\000c\000l\000e\000\040\000\050\000A\000u\000t\000o\000n\000o\000m\000o\000u\000s\000\051}{section.8}% 26
\BOOKMARK [2][-]{subsection.8.4}{\376\377\000P\000l\000a\000s\000m\000a\000\040\000a\000n\000d\000\040\000E\000n\000e\000r\000g\000y}{section.8}% 27
\BOOKMARK [2][-]{subsection.8.5}{\376\377\000H\000a\000r\000d\000w\000a\000r\000e\000\040\000A\000b\000s\000t\000r\000a\000c\000t\000i\000o\000n\000\040\000\050\000H\000A\000L\000\051}{section.8}% 28
\BOOKMARK [2][-]{subsection.8.6}{\376\377\000S\000u\000m\000m\000a\000r\000y}{section.8}% 29
\BOOKMARK [1][-]{section.9}{\376\377\000S\000y\000s\000t\000e\000m\000\040\000I\000n\000t\000e\000g\000r\000a\000t\000i\000o\000n\000\040\000V\000a\000r\000i\000a\000n\000t\000s}{}% 30
\BOOKMARK [2][-]{subsection.9.1}{\376\377\000N\000i\000x\000O\000S\000\040\000C\000o\000n\000s\000c\000i\000o\000u\000s\000n\000e\000s\000s}{section.9}% 31
\BOOKMARK [2][-]{subsection.9.2}{\376\377\000B\000r\000o\000w\000s\000e\000r\000\040\000P\000o\000r\000t\000a\000l}{section.9}% 32
\BOOKMARK [2][-]{subsection.9.3}{\376\377\000B\000e\000n\000c\000h\000m\000a\000r\000k\000s}{section.9}% 33
\BOOKMARK [1][-]{section.10}{\376\377\000C\000r\000o\000s\000s\000-\000L\000a\000y\000e\000r\000\040\000I\000n\000t\000e\000g\000r\000a\000t\000i\000o\000n\000\040\000S\000t\000a\000t\000u\000s}{}% 34
\BOOKMARK [2][-]{subsection.10.1}{\376\377\000W\000h\000a\000t\000\040\000I\000s\000\040\000C\000o\000n\000n\000e\000c\000t\000e\000d}{section.10}% 35
\BOOKMARK [2][-]{subsection.10.2}{\376\377\000W\000h\000a\000t\000\040\000I\000s\000\040\000N\000o\000t\000\040\000C\000o\000n\000n\000e\000c\000t\000e\000d}{section.10}% 36
\BOOKMARK [1][-]{section.11}{\376\377\000T\000e\000s\000t\000\040\000C\000o\000v\000e\000r\000a\000g\000e}{}% 37
\BOOKMARK [1][-]{section.12}{\376\377\000T\000h\000e\000\040\000F\000r\000a\000c\000t\000a\000l\000\040\000P\000r\000o\000p\000e\000r\000t\000y}{}% 38
\BOOKMARK [1][-]{section.13}{\376\377\000H\000o\000n\000e\000s\000t\000\040\000A\000s\000s\000e\000s\000s\000m\000e\000n\000t\000\040\000o\000f\000\040\000G\000a\000p\000s}{}% 39
\BOOKMARK [1][-]{section.14}{\376\377\000R\000e\000l\000a\000t\000e\000d\000\040\000W\000o\000r\000k}{}% 40
\BOOKMARK [1][-]{section.15}{\376\377\000C\000o\000n\000c\000l\000u\000s\000i\000o\000n}{}% 41
