\BOOKMARK [1][-]{section.1}{\376\377\000I\000n\000t\000r\000o\000d\000u\000c\000t\000i\000o\000n}{}% 1
\BOOKMARK [1][-]{section.2}{\376\377\000R\000a\000d\000i\000o\000\040\000T\000i\000e\000r\000\040\000A\000r\000c\000h\000i\000t\000e\000c\000t\000u\000r\000e}{}% 2
\BOOKMARK [2][-]{subsection.2.1}{\376\377\000F\000o\000u\000r\000\040\000T\000i\000e\000r\000s}{section.2}% 3
\BOOKMARK [2][-]{subsection.2.2}{\376\377\000S\000h\000a\000n\000n\000o\000n\000\040\000C\000a\000p\000a\000c\000i\000t\000y\000\040\000p\000e\000r\000\040\000T\000i\000e\000r}{section.2}% 4
\BOOKMARK [1][-]{section.3}{\376\377\000A\000I\000M\000D\000\040\000C\000o\000n\000g\000e\000s\000t\000i\000o\000n\000\040\000C\000o\000n\000t\000r\000o\000l}{}% 5
\BOOKMARK [2][-]{subsection.3.1}{\376\377\000A\000d\000a\000p\000t\000e\000d\000\040\000J\000a\000c\000o\000b\000s\000o\000n\000\040\000A\000l\000g\000o\000r\000i\000t\000h\000m}{section.3}% 6
\BOOKMARK [2][-]{subsection.3.2}{\376\377\000C\000o\000n\000g\000e\000s\000t\000i\000o\000n\000\040\000D\000e\000t\000e\000c\000t\000i\000o\000n}{section.3}% 7
\BOOKMARK [1][-]{section.4}{\376\377\000S\000e\000m\000a\000n\000t\000i\000c\000\040\000D\000e\000l\000t\000a\000\040\000C\000o\000m\000p\000r\000e\000s\000s\000i\000o\000n}{}% 8
\BOOKMARK [2][-]{subsection.4.1}{\376\377\000T\000h\000e\000\040\000C\000o\000m\000p\000r\000e\000s\000s\000i\000o\000n\000\040\000P\000r\000o\000b\000l\000e\000m}{section.4}% 9
\BOOKMARK [2][-]{subsection.4.2}{\376\377\000X\000O\000R\000\040\000+\000\040\000R\000L\000E\000\040\000A\000l\000g\000o\000r\000i\000t\000h\000m}{section.4}% 10
\BOOKMARK [2][-]{subsection.4.3}{\376\377\000W\000i\000r\000e\000\040\000F\000o\000r\000m\000a\000t}{section.4}% 11
\BOOKMARK [1][-]{section.5}{\376\377\000P\000a\000y\000l\000o\000a\000d\000\040\000T\000r\000i\000a\000g\000e}{}% 12
\BOOKMARK [2][-]{subsection.5.1}{\376\377\000T\000h\000e\000\040\000R\000o\000u\000t\000i\000n\000g\000\040\000P\000r\000o\000b\000l\000e\000m}{section.5}% 13
\BOOKMARK [2][-]{subsection.5.2}{\376\377\000P\000a\000y\000l\000o\000a\000d\000\040\000C\000l\000a\000s\000s\000e\000s}{section.5}% 14
\BOOKMARK [2][-]{subsection.5.3}{\376\377\000R\000o\000u\000t\000i\000n\000g\000\040\000D\000e\000c\000i\000s\000i\000o\000n\000\040\000E\000n\000u\000m}{section.5}% 15
\BOOKMARK [1][-]{section.6}{\376\377\000S\000p\000e\000c\000t\000r\000u\000m\000\040\000M\000a\000n\000a\000g\000e\000r}{}% 16
\BOOKMARK [2][-]{subsection.6.1}{\376\377\000S\000D\000R\000\040\000a\000s\000\040\000C\000o\000g\000n\000i\000t\000i\000v\000e\000\040\000M\000o\000d\000a\000l\000i\000t\000y}{section.6}% 17
\BOOKMARK [2][-]{subsection.6.2}{\376\377\000C\000r\000o\000s\000s\000-\000F\000r\000e\000q\000u\000e\000n\000c\000y\000\040\000C\000o\000u\000p\000l\000i\000n\000g}{section.6}% 18
\BOOKMARK [2][-]{subsection.6.3}{\376\377\000R\000e\000g\000u\000l\000a\000t\000o\000r\000y\000\040\000C\000o\000m\000p\000l\000i\000a\000n\000c\000e}{section.6}% 19
\BOOKMARK [1][-]{section.7}{\376\377\000N\000e\000t\000w\000o\000r\000k\000\040\000D\000e\000g\000r\000a\000d\000a\000t\000i\000o\000n\000\040\000a\000n\000d\000\040\000S\000a\000f\000e\000t\000y}{}% 20
\BOOKMARK [2][-]{subsection.7.1}{\376\377\000N\000e\000t\000w\000o\000r\000k\000\040\000H\000e\000a\000l\000t\000h\000\040\000M\000o\000d\000e\000l}{section.7}% 21
\BOOKMARK [2][-]{subsection.7.2}{\376\377\000S\000a\000f\000e\000t\000y\000A\000g\000e\000n\000t\000\040\000E\000s\000c\000a\000l\000a\000t\000i\000o\000n\000\040\000C\000a\000s\000c\000a\000d\000e}{section.7}% 22
\BOOKMARK [2][-]{subsection.7.3}{\376\377\000E\000p\000i\000s\000t\000e\000m\000i\000c\000\040\000D\000i\000s\000c\000o\000u\000n\000t}{section.7}% 23
\BOOKMARK [1][-]{section.8}{\376\377\000S\000t\000o\000r\000e\000-\000a\000n\000d\000-\000F\000o\000r\000w\000a\000r\000d\000\040\000W\000i\000s\000d\000o\000m\000\040\000C\000o\000n\000s\000o\000l\000i\000d\000a\000t\000i\000o\000n}{}% 24
\BOOKMARK [2][-]{subsection.8.1}{\376\377\000T\000h\000e\000\040\000L\000i\000g\000h\000t\000-\000S\000p\000e\000e\000d\000\040\000P\000r\000o\000b\000l\000e\000m}{section.8}% 25
\BOOKMARK [2][-]{subsection.8.2}{\376\377\000W\000i\000s\000d\000o\000m\000\040\000P\000a\000c\000k\000e\000t\000s}{section.8}% 26
\BOOKMARK [2][-]{subsection.8.3}{\376\377\000D\000T\000N\000\040\000A\000r\000c\000h\000i\000t\000e\000c\000t\000u\000r\000e}{section.8}% 27
\BOOKMARK [1][-]{section.9}{\376\377\000M\000e\000s\000h\000\040\000M\000o\000d\000u\000l\000e\000s}{}% 28
\BOOKMARK [2][-]{subsection.9.1}{\376\377\000D\000u\000a\000l\000-\000L\000a\000y\000e\000r\000\040\000T\000r\000a\000n\000s\000p\000o\000r\000t}{section.9}% 29
\BOOKMARK [2][-]{subsection.9.2}{\376\377\000L\000o\000R\000a\000\040\000F\000r\000a\000g\000m\000e\000n\000t\000a\000t\000i\000o\000n}{section.9}% 30
\BOOKMARK [2][-]{subsection.9.3}{\376\377\000M\000e\000s\000h\000-\000T\000i\000m\000e\000\040\000N\000T\000P}{section.9}% 31
\BOOKMARK [2][-]{subsection.9.4}{\376\377\000S\000e\000n\000s\000o\000r\000\040\000I\000o\000T\000\040\000I\000n\000t\000e\000g\000r\000a\000t\000i\000o\000n}{section.9}% 32
\BOOKMARK [2][-]{subsection.9.5}{\376\377\000C\000o\000n\000t\000e\000n\000t\000\040\000R\000o\000u\000t\000i\000n\000g}{section.9}% 33
\BOOKMARK [1][-]{section.10}{\376\377\000S\000o\000v\000e\000r\000e\000i\000g\000n\000\040\000M\000a\000n\000a\000g\000e\000r\000s}{}% 34
\BOOKMARK [2][-]{subsection.10.1}{\376\377\000T\000i\000m\000e\000\040\000M\000a\000n\000a\000g\000e\000r\000\040\000\050\0003\0002\0000\000\040\000L\000O\000C\000\051}{section.10}% 35
\BOOKMARK [2][-]{subsection.10.2}{\376\377\000T\000r\000u\000s\000t\000\040\000M\000a\000n\000a\000g\000e\000r\000\040\000\050\0003\0006\0000\000\040\000L\000O\000C\000\051}{section.10}% 36
\BOOKMARK [2][-]{subsection.10.3}{\376\377\000S\000o\000c\000i\000a\000l\000F\000a\000b\000r\000i\000c\000\040\000M\000a\000n\000a\000g\000e\000r\000\040\000\050\0002\0005\0007\000\040\000L\000O\000C\000\051}{section.10}% 37
\BOOKMARK [2][-]{subsection.10.4}{\376\377\000S\000u\000r\000v\000i\000v\000a\000l\000\040\000M\000a\000n\000a\000g\000e\000r\000\040\000\050\0003\0009\0005\000\040\000L\000O\000C\000\051}{section.10}% 38
\BOOKMARK [1][-]{section.11}{\376\377\000T\000h\000e\000\040\000E\000x\000t\000e\000n\000d\000e\000d\000\040\000M\000i\000n\000d\000\040\000T\000h\000e\000s\000i\000s}{}% 39
\BOOKMARK [2][-]{subsection.11.1}{\376\377\000C\000l\000a\000r\000k\000\040\000\046\000\040\000C\000h\000a\000l\000m\000e\000r\000s\000\040\000\050\0001\0009\0009\0008\000\051}{section.11}% 40
\BOOKMARK [2][-]{subsection.11.2}{\376\377\000C\000o\000g\000n\000i\000t\000i\000v\000e\000\040\000E\000x\000t\000e\000n\000s\000i\000o\000n\000\040\000i\000n\000\040\000P\000r\000a\000c\000t\000i\000c\000e}{section.11}% 41
\BOOKMARK [1][-]{section.12}{\376\377\000I\000n\000t\000e\000g\000r\000a\000t\000i\000o\000n\000\040\000A\000r\000c\000h\000i\000t\000e\000c\000t\000u\000r\000e}{}% 42
\BOOKMARK [2][-]{subsection.12.1}{\376\377\000C\000o\000g\000n\000i\000t\000i\000v\000e\000\040\000L\000o\000o\000p\000\040\000P\000l\000a\000c\000e\000m\000e\000n\000t}{section.12}% 43
\BOOKMARK [2][-]{subsection.12.2}{\376\377\000C\000r\000o\000s\000s\000-\000C\000o\000u\000p\000l\000i\000n\000g\000\040\000M\000a\000t\000r\000i\000x}{section.12}% 44
\BOOKMARK [2][-]{subsection.12.3}{\376\377\000T\000e\000l\000e\000m\000e\000t\000r\000y}{section.12}% 45
\BOOKMARK [1][-]{section.13}{\376\377\000I\000m\000p\000l\000e\000m\000e\000n\000t\000a\000t\000i\000o\000n}{}% 46
\BOOKMARK [2][-]{subsection.13.1}{\376\377\000C\000o\000d\000e\000\040\000M\000e\000t\000r\000i\000c\000s}{section.13}% 47
\BOOKMARK [2][-]{subsection.13.2}{\376\377\000F\000e\000a\000t\000u\000r\000e\000\040\000F\000l\000a\000g}{section.13}% 48
\BOOKMARK [1][-]{section.14}{\376\377\000T\000h\000e\000\040\000M\000y\000c\000e\000l\000i\000a\000l\000\040\000H\000a\000r\000d\000w\000a\000r\000e\000\040\000S\000t\000a\000c\000k}{}% 49
\BOOKMARK [1][-]{section.15}{\376\377\000R\000e\000l\000a\000t\000e\000d\000\040\000W\000o\000r\000k}{}% 50
\BOOKMARK [1][-]{section.16}{\376\377\000C\000o\000n\000c\000l\000u\000s\000i\000o\000n}{}% 51
