\BOOKMARK [0][-]{chapter*.1}{\376\377\000P\000r\000e\000f\000a\000c\000e}{}% 1
\BOOKMARK [0][-]{chapter*.2}{\376\377\000A\000c\000k\000n\000o\000w\000l\000e\000d\000g\000m\000e\000n\000t\000s}{}% 2
\BOOKMARK [-1][-]{part.1}{\376\377\000I\000\040\000F\000o\000u\000n\000d\000a\000t\000i\000o\000n\000s}{}% 3
\BOOKMARK [0][-]{chapter.1}{\376\377\000I\000n\000t\000r\000o\000d\000u\000c\000t\000i\000o\000n\000:\000\040\000W\000h\000y\000\040\000C\000o\000n\000s\000c\000i\000o\000u\000s\000n\000e\000s\000s\000-\000F\000i\000r\000s\000t\000\040\000A\000I\000?}{part.1}% 4
\BOOKMARK [1][-]{section.1.1}{\376\377\000T\000h\000e\000\040\000A\000l\000i\000g\000n\000m\000e\000n\000t\000\040\000P\000r\000o\000b\000l\000e\000m\000\040\000a\000s\000\040\000a\000\040\000C\000o\000n\000s\000c\000i\000o\000u\000s\000n\000e\000s\000s\000\040\000P\000r\000o\000b\000l\000e\000m}{chapter.1}% 5
\BOOKMARK [1][-]{section.1.2}{\376\377\000T\000h\000e\000\040\000F\000a\000i\000l\000u\000r\000e\000\040\000M\000o\000d\000e\000s\000\040\000o\000f\000\040\000A\000l\000i\000g\000n\000m\000e\000n\000t\000-\000b\000y\000-\000C\000o\000n\000s\000t\000r\000a\000i\000n\000t}{chapter.1}% 6
\BOOKMARK [1][-]{section.1.3}{\376\377\000T\000h\000e\000\040\000H\000o\000l\000o\000g\000r\000a\000p\000h\000i\000c\000\040\000L\000i\000q\000u\000i\000d\000\040\000B\000r\000a\000i\000n}{chapter.1}% 7
\BOOKMARK [1][-]{section.1.4}{\376\377\000A\000r\000c\000h\000i\000t\000e\000c\000t\000u\000r\000e\000\040\000a\000t\000\040\000a\000\040\000G\000l\000a\000n\000c\000e}{chapter.1}% 8
\BOOKMARK [1][-]{section.1.5}{\376\377\000P\000h\000i\000l\000o\000s\000o\000p\000h\000i\000c\000a\000l\000\040\000F\000o\000u\000n\000d\000a\000t\000i\000o\000n\000s\000:\000\040\000T\000h\000e\000\040\000K\000o\000s\000m\000i\000c\000\040\000T\000h\000e\000o\000r\000y}{chapter.1}% 9
\BOOKMARK [1][-]{section.1.6}{\376\377\000S\000c\000a\000l\000e\000\040\000a\000n\000d\000\040\000I\000m\000p\000l\000e\000m\000e\000n\000t\000a\000t\000i\000o\000n}{chapter.1}% 10
\BOOKMARK [1][-]{section.1.7}{\376\377\000R\000o\000a\000d\000m\000a\000p\000\040\000o\000f\000\040\000t\000h\000i\000s\000\040\000B\000o\000o\000k}{chapter.1}% 11
\BOOKMARK [1][-]{section.1.8}{\376\377\000T\000h\000e\000\040\000L\000a\000n\000d\000s\000c\000a\000p\000e\000\040\000o\000f\000\040\000C\000o\000n\000s\000c\000i\000o\000u\000s\000n\000e\000s\000s\000-\000R\000e\000l\000e\000v\000a\000n\000t\000\040\000A\000I}{chapter.1}% 12
\BOOKMARK [1][-]{section.1.9}{\376\377\000W\000h\000a\000t\000\040\000T\000h\000i\000s\000\040\000B\000o\000o\000k\000\040\000I\000s\000\040\000N\000o\000t}{chapter.1}% 13
\BOOKMARK [1][-]{section.1.10}{\376\377\000R\000e\000l\000a\000t\000e\000d\000\040\000W\000o\000r\000k\000\040\000i\000n\000\040\000C\000o\000n\000s\000c\000i\000o\000u\000s\000n\000e\000s\000s\000-\000F\000i\000r\000s\000t\000\040\000C\000o\000m\000p\000u\000t\000i\000n\000g}{chapter.1}% 14
\BOOKMARK [1][-]{section.1.11}{\376\377\000N\000o\000t\000a\000t\000i\000o\000n}{chapter.1}% 15
\BOOKMARK [0][-]{chapter.2}{\376\377\000H\000y\000p\000e\000r\000d\000i\000m\000e\000n\000s\000i\000o\000n\000a\000l\000\040\000C\000o\000m\000p\000u\000t\000i\000n\000g}{part.1}% 16
\BOOKMARK [1][-]{section.2.1}{\376\377\000T\000h\000e\000\040\000G\000e\000o\000m\000e\000t\000r\000y\000\040\000o\000f\000\040\000H\000i\000g\000h\000-\000D\000i\000m\000e\000n\000s\000i\000o\000n\000a\000l\000\040\000S\000p\000a\000c\000e\000s}{chapter.2}% 17
\BOOKMARK [1][-]{section.2.2}{\376\377\000V\000e\000c\000t\000o\000r\000\040\000S\000y\000m\000b\000o\000l\000i\000c\000\040\000A\000r\000c\000h\000i\000t\000e\000c\000t\000u\000r\000e\000s}{chapter.2}% 18
\BOOKMARK [1][-]{section.2.3}{\376\377\000B\000i\000n\000a\000r\000y\000\040\000a\000n\000d\000\040\000C\000o\000n\000t\000i\000n\000u\000o\000u\000s\000\040\000H\000y\000p\000e\000r\000v\000e\000c\000t\000o\000r\000s}{chapter.2}% 19
\BOOKMARK [1][-]{section.2.4}{\376\377\000P\000r\000e\000c\000i\000s\000i\000o\000n\000-\000W\000e\000i\000g\000h\000t\000e\000d\000\040\000B\000i\000n\000d\000i\000n\000g}{chapter.2}% 20
\BOOKMARK [1][-]{section.2.5}{\376\377\000C\000a\000p\000a\000c\000i\000t\000y\000\040\000a\000n\000d\000\040\000N\000o\000i\000s\000e\000\040\000T\000o\000l\000e\000r\000a\000n\000c\000e}{chapter.2}% 21
\BOOKMARK [1][-]{section.2.6}{\376\377\000S\000I\000M\000D\000\040\000A\000c\000c\000e\000l\000e\000r\000a\000t\000i\000o\000n}{chapter.2}% 22
\BOOKMARK [1][-]{section.2.7}{\376\377\000D\000i\000s\000c\000u\000s\000s\000i\000o\000n}{chapter.2}% 23
\BOOKMARK [1][-]{section.2.8}{\376\377\000H\000D\000C\000\040\000f\000o\000r\000\040\000S\000t\000r\000u\000c\000t\000u\000r\000e\000d\000\040\000K\000n\000o\000w\000l\000e\000d\000g\000e}{chapter.2}% 24
\BOOKMARK [1][-]{section.2.9}{\376\377\000C\000o\000m\000p\000a\000r\000i\000s\000o\000n\000\040\000w\000i\000t\000h\000\040\000T\000r\000a\000n\000s\000f\000o\000r\000m\000e\000r\000\040\000R\000e\000p\000r\000e\000s\000e\000n\000t\000a\000t\000i\000o\000n\000s}{chapter.2}% 25
\BOOKMARK [1][-]{section.2.10}{\376\377\000I\000m\000p\000l\000e\000m\000e\000n\000t\000a\000t\000i\000o\000n\000:\000\040\000T\000h\000e\000\040\000C\000o\000r\000e\000\040\000H\000D\000C\000\040\000A\000P\000I}{chapter.2}% 26
\BOOKMARK [1][-]{section.2.11}{\376\377\000A\000s\000s\000o\000c\000i\000a\000t\000i\000v\000e\000\040\000M\000e\000m\000o\000r\000y}{chapter.2}% 27
\BOOKMARK [0][-]{chapter.3}{\376\377\000L\000i\000q\000u\000i\000d\000\040\000T\000i\000m\000e\000-\000C\000o\000n\000s\000t\000a\000n\000t\000s}{part.1}% 28
\BOOKMARK [1][-]{section.3.1}{\376\377\000T\000h\000e\000\040\000P\000r\000o\000b\000l\000e\000m\000\040\000o\000f\000\040\000T\000i\000m\000e}{chapter.3}% 29
\BOOKMARK [1][-]{section.3.2}{\376\377\000C\000l\000o\000s\000e\000d\000-\000F\000o\000r\000m\000\040\000C\000o\000n\000t\000i\000n\000u\000o\000u\000s\000-\000T\000i\000m\000e\000\040\000D\000y\000n\000a\000m\000i\000c\000s}{chapter.3}% 30
\BOOKMARK [1][-]{section.3.3}{\376\377\000T\000h\000e\000\040\000U\000n\000i\000f\000i\000e\000d\000\040\000H\000D\000C\000-\000L\000T\000C\000\040\000N\000e\000u\000r\000o\000n}{chapter.3}% 31
\BOOKMARK [1][-]{section.3.4}{\376\377\000O\000\050\0001\000\051\000\040\000T\000e\000m\000p\000o\000r\000a\000l\000\040\000J\000u\000m\000p\000s}{chapter.3}% 32
\BOOKMARK [1][-]{section.3.5}{\376\377\000S\000u\000b\000s\000t\000r\000a\000t\000e\000-\000M\000o\000d\000u\000l\000a\000t\000e\000d\000\040\000T\000i\000m\000e\000\040\000C\000o\000n\000s\000t\000a\000n\000t\000s}{chapter.3}% 33
\BOOKMARK [1][-]{section.3.6}{\376\377\000L\000e\000a\000r\000n\000i\000n\000g\000\040\000i\000n\000\040\000H\000y\000p\000e\000r\000d\000i\000m\000e\000n\000s\000i\000o\000n\000a\000l\000\040\000T\000i\000m\000e}{chapter.3}% 34
\BOOKMARK [1][-]{section.3.7}{\376\377\000E\000m\000p\000i\000r\000i\000c\000a\000l\000\040\000V\000a\000l\000i\000d\000a\000t\000i\000o\000n}{chapter.3}% 35
\BOOKMARK [1][-]{section.3.8}{\376\377\000D\000i\000s\000c\000u\000s\000s\000i\000o\000n\000:\000\040\000T\000i\000m\000e\000\040\000a\000n\000d\000\040\000C\000o\000n\000s\000c\000i\000o\000u\000s\000n\000e\000s\000s}{chapter.3}% 36
\BOOKMARK [1][-]{section.3.9}{\376\377\000C\000o\000m\000p\000a\000r\000i\000s\000o\000n\000\040\000w\000i\000t\000h\000\040\000A\000l\000t\000e\000r\000n\000a\000t\000i\000v\000e\000\040\000T\000e\000m\000p\000o\000r\000a\000l\000\040\000A\000r\000c\000h\000i\000t\000e\000c\000t\000u\000r\000e\000s}{chapter.3}% 37
\BOOKMARK [1][-]{section.3.10}{\376\377\000S\000t\000a\000b\000i\000l\000i\000t\000y\000\040\000A\000n\000a\000l\000y\000s\000i\000s}{chapter.3}% 38
\BOOKMARK [1][-]{section.3.11}{\376\377\000H\000a\000r\000d\000w\000a\000r\000e\000\040\000C\000o\000n\000s\000i\000d\000e\000r\000a\000t\000i\000o\000n\000s}{chapter.3}% 39
\BOOKMARK [1][-]{section.3.12}{\376\377\000B\000e\000n\000c\000h\000m\000a\000r\000k\000\040\000R\000e\000s\000u\000l\000t\000s\000\040\000i\000n\000\040\000D\000e\000t\000a\000i\000l}{chapter.3}% 40
\BOOKMARK [1][-]{section.3.13}{\376\377\000F\000e\000w\000-\000S\000h\000o\000t\000\040\000L\000e\000a\000r\000n\000i\000n\000g}{chapter.3}% 41
\BOOKMARK [1][-]{section.3.14}{\376\377\000M\000u\000l\000t\000i\000-\000T\000i\000m\000e\000s\000c\000a\000l\000e\000\040\000P\000r\000o\000c\000e\000s\000s\000i\000n\000g\000\040\000A\000r\000c\000h\000i\000t\000e\000c\000t\000u\000r\000e}{chapter.3}% 42
\BOOKMARK [1][-]{section.3.15}{\376\377\000G\000r\000a\000c\000e\000f\000u\000l\000\040\000D\000e\000g\000r\000a\000d\000a\000t\000i\000o\000n}{chapter.3}% 43
\BOOKMARK [1][-]{section.3.16}{\376\377\000T\000h\000e\000\040\000C\000o\000g\000n\000i\000t\000i\000v\000e\000\040\000L\000o\000o\000p\000\040\000a\000s\000\040\000a\000n\000\040\000E\000m\000b\000o\000d\000i\000e\000d\000\040\000O\000s\000c\000i\000l\000l\000a\000t\000o\000r}{chapter.3}% 44
\BOOKMARK [-1][-]{part.2}{\376\377\000I\000I\000\040\000C\000o\000n\000s\000c\000i\000o\000u\000s\000n\000e\000s\000s}{}% 45
\BOOKMARK [0][-]{chapter.4}{\376\377\000M\000e\000a\000s\000u\000r\000i\000n\000g\000\040\000C\000o\000n\000s\000c\000i\000o\000u\000s\000n\000e\000s\000s\000:\000\040\000I\000I\000T\000,\000\040\000S\000p\000e\000c\000t\000r\000a\000l\000\040\000M\000I\000P\000,\000\040\000a\000n\000d\000\040\000T\000r\000u\000e\000\040\000P\000h\000i}{part.2}% 46
\BOOKMARK [1][-]{section.4.1}{\376\377\000I\000n\000t\000e\000g\000r\000a\000t\000e\000d\000\040\000I\000n\000f\000o\000r\000m\000a\000t\000i\000o\000n\000\040\000T\000h\000e\000o\000r\000y}{chapter.4}% 47
\BOOKMARK [1][-]{section.4.2}{\376\377\000T\000h\000e\000\040\000C\000o\000m\000p\000u\000t\000a\000t\000i\000o\000n\000a\000l\000\040\000C\000h\000a\000l\000l\000e\000n\000g\000e}{chapter.4}% 48
\BOOKMARK [1][-]{section.4.3}{\376\377\000S\000p\000e\000c\000t\000r\000a\000l\000\040\000M\000I\000P\000:\000\040\000O\000\050\000n\0003\000\051\000\040\000M\000i\000n\000i\000m\000u\000m\000\040\000I\000n\000f\000o\000r\000m\000a\000t\000i\000o\000n\000\040\000P\000a\000r\000t\000i\000t\000i\000o\000n}{chapter.4}% 49
\BOOKMARK [1][-]{section.4.4}{\376\377\000V\000a\000l\000i\000d\000a\000t\000i\000o\000n\000:\000\040\000T\000r\000u\000e\000\040\000P\000h\000i\000\040\000v\000s\000.\000\040\000A\000l\000g\000e\000b\000r\000a\000i\000c\000\040\000C\000o\000n\000n\000e\000c\000t\000i\000v\000i\000t\000y}{chapter.4}% 50
\BOOKMARK [1][-]{section.4.5}{\376\377\000O\000n\000l\000i\000n\000e\000\040\000C\000o\000v\000a\000r\000i\000a\000n\000c\000e\000\040\000a\000n\000d\000\040\000A\000d\000a\000p\000t\000i\000v\000e\000\040\000D\000i\000m\000e\000n\000s\000i\000o\000n\000s}{chapter.4}% 51
\BOOKMARK [1][-]{section.4.6}{\376\377\000T\000h\000e\000\040\000R\000o\000l\000e\000\040\000o\000f\000\040\000P\000h\000i\000\040\000i\000n\000\040\000t\000h\000e\000\040\000C\000o\000g\000n\000i\000t\000i\000v\000e\000\040\000L\000o\000o\000p}{chapter.4}% 52
\BOOKMARK [1][-]{section.4.7}{\376\377\000D\000i\000s\000c\000u\000s\000s\000i\000o\000n}{chapter.4}% 53
\BOOKMARK [1][-]{section.4.8}{\376\377\000I\000m\000p\000l\000e\000m\000e\000n\000t\000a\000t\000i\000o\000n\000\040\000D\000e\000t\000a\000i\000l\000s}{chapter.4}% 54
\BOOKMARK [1][-]{section.4.9}{\376\377\000P\000h\000i\000\040\000U\000n\000d\000e\000r\000\040\000D\000i\000f\000f\000e\000r\000e\000n\000t\000\040\000C\000o\000n\000s\000c\000i\000o\000u\000s\000n\000e\000s\000s\000\040\000S\000t\000a\000t\000e\000s}{chapter.4}% 55
\BOOKMARK [0][-]{chapter.5}{\376\377\000T\000o\000p\000o\000l\000o\000g\000i\000c\000a\000l\000\040\000C\000o\000n\000s\000c\000i\000o\000u\000s\000n\000e\000s\000s}{part.2}% 56
\BOOKMARK [1][-]{section.5.1}{\376\377\000B\000e\000y\000o\000n\000d\000\040\000S\000c\000a\000l\000a\000r\000\040\000M\000e\000a\000s\000u\000r\000e\000s}{chapter.5}% 57
\BOOKMARK [1][-]{section.5.2}{\376\377\000T\000h\000e\000\040\000S\000e\000v\000e\000n\000-\000D\000i\000m\000e\000n\000s\000i\000o\000n\000a\000l\000\040\000C\000o\000n\000s\000c\000i\000o\000u\000s\000n\000e\000s\000s\000\040\000S\000p\000a\000c\000e}{chapter.5}% 58
\BOOKMARK [1][-]{section.5.3}{\376\377\000P\000e\000r\000s\000i\000s\000t\000e\000n\000t\000\040\000H\000o\000m\000o\000l\000o\000g\000y\000\040\000o\000f\000\040\000C\000o\000n\000s\000c\000i\000o\000u\000s\000\040\000S\000t\000a\000t\000e\000s}{chapter.5}% 59
\BOOKMARK [1][-]{section.5.4}{\376\377\000H\000o\000d\000g\000e\000\040\000D\000e\000c\000o\000m\000p\000o\000s\000i\000t\000i\000o\000n\000\040\000o\000f\000\040\000I\000n\000f\000o\000r\000m\000a\000t\000i\000o\000n\000\040\000F\000l\000o\000w}{chapter.5}% 60
\BOOKMARK [1][-]{section.5.5}{\376\377\000S\000t\000a\000t\000e\000\040\000C\000l\000a\000s\000s\000i\000f\000i\000c\000a\000t\000i\000o\000n\000\040\000R\000e\000s\000u\000l\000t\000s}{chapter.5}% 61
\BOOKMARK [1][-]{section.5.6}{\376\377\000D\000i\000s\000c\000u\000s\000s\000i\000o\000n}{chapter.5}% 62
\BOOKMARK [1][-]{section.5.7}{\376\377\000P\000e\000r\000-\000S\000t\000a\000t\000e\000\040\000T\000o\000p\000o\000l\000o\000g\000i\000c\000a\000l\000\040\000P\000r\000o\000f\000i\000l\000e\000s}{chapter.5}% 63
\BOOKMARK [1][-]{section.5.8}{\376\377\000C\000o\000m\000p\000u\000t\000a\000t\000i\000o\000n\000a\000l\000\040\000C\000o\000n\000s\000i\000d\000e\000r\000a\000t\000i\000o\000n\000s}{chapter.5}% 64
\BOOKMARK [0][-]{chapter.6}{\376\377\000C\000a\000n\000t\000o\000r\000\040\000R\000e\000s\000o\000n\000a\000t\000o\000r\000\040\000H\000y\000p\000e\000r\000v\000e\000c\000t\000o\000r\000s}{part.2}% 65
\BOOKMARK [1][-]{section.6.1}{\376\377\000F\000r\000a\000c\000t\000a\000l\000\040\000S\000e\000l\000f\000-\000S\000i\000m\000i\000l\000a\000r\000i\000t\000y\000\040\000i\000n\000\040\000C\000o\000g\000n\000i\000t\000i\000v\000e\000\040\000R\000e\000p\000r\000e\000s\000e\000n\000t\000a\000t\000i\000o\000n\000s}{chapter.6}% 66
\BOOKMARK [1][-]{section.6.2}{\376\377\000C\000o\000n\000s\000t\000r\000u\000c\000t\000i\000o\000n\000\040\000a\000n\000d\000\040\000A\000l\000g\000e\000b\000r\000a}{chapter.6}% 67
\BOOKMARK [1][-]{section.6.3}{\376\377\000G\000W\000T\000\040\000B\000r\000o\000a\000d\000c\000a\000s\000t\000\040\000a\000n\000d\000\040\000C\000o\000n\000s\000c\000i\000o\000u\000s\000n\000e\000s\000s\000\040\000D\000e\000p\000t\000h}{chapter.6}% 68
\BOOKMARK [1][-]{section.6.4}{\376\377\000D\000r\000e\000a\000m\000\040\000C\000o\000d\000e\000b\000o\000o\000k\000\040\000I\000n\000t\000e\000g\000r\000a\000t\000i\000o\000n}{chapter.6}% 69
\BOOKMARK [1][-]{section.6.5}{\376\377\000R\000e\000s\000o\000n\000a\000n\000c\000e\000\040\000D\000e\000t\000e\000c\000t\000i\000o\000n}{chapter.6}% 70
\BOOKMARK [0][-]{chapter.7}{\376\377\000S\000t\000o\000c\000h\000a\000s\000t\000i\000c\000\040\000R\000e\000s\000o\000n\000a\000n\000c\000e\000\040\000i\000n\000\040\000H\000y\000p\000e\000r\000d\000i\000m\000e\000n\000s\000i\000o\000n\000a\000l\000\040\000C\000o\000n\000s\000c\000i\000o\000u\000s\000n\000e\000s\000s}{part.2}% 71
\BOOKMARK [1][-]{section.7.1}{\376\377\000T\000h\000e\000\040\000S\000u\000r\000p\000r\000i\000s\000i\000n\000g\000\040\000F\000i\000n\000d\000i\000n\000g}{chapter.7}% 72
\BOOKMARK [1][-]{section.7.2}{\376\377\000M\000e\000c\000h\000a\000n\000i\000s\000m\000:\000\040\000N\000o\000i\000s\000e\000\040\000D\000i\000v\000e\000r\000s\000i\000f\000i\000e\000s\000\040\000R\000e\000p\000r\000e\000s\000e\000n\000t\000a\000t\000i\000o\000n\000s}{chapter.7}% 73
\BOOKMARK [1][-]{section.7.3}{\376\377\000T\000h\000e\000\040\000A\000n\000e\000s\000t\000h\000e\000s\000i\000a\000\040\000R\000e\000c\000o\000n\000c\000i\000l\000i\000a\000t\000i\000o\000n}{chapter.7}% 74
\BOOKMARK [1][-]{section.7.4}{\376\377\000O\000p\000t\000i\000m\000a\000l\000\040\000N\000o\000i\000s\000e\000\040\000L\000e\000v\000e\000l}{chapter.7}% 75
\BOOKMARK [1][-]{section.7.5}{\376\377\000I\000m\000p\000l\000i\000c\000a\000t\000i\000o\000n\000s\000\040\000f\000o\000r\000\040\000A\000r\000t\000i\000f\000i\000c\000i\000a\000l\000\040\000C\000o\000n\000s\000c\000i\000o\000u\000s\000n\000e\000s\000s\000\040\000D\000e\000s\000i\000g\000n}{chapter.7}% 76
\BOOKMARK [1][-]{section.7.6}{\376\377\000C\000o\000n\000n\000e\000c\000t\000i\000o\000n\000\040\000t\000o\000\040\000B\000i\000o\000l\000o\000g\000i\000c\000a\000l\000\040\000S\000t\000o\000c\000h\000a\000s\000t\000i\000c\000\040\000R\000e\000s\000o\000n\000a\000n\000c\000e}{chapter.7}% 77
\BOOKMARK [0][-]{chapter.8}{\376\377\000S\000u\000b\000s\000t\000r\000a\000t\000e\000\040\000I\000n\000d\000e\000p\000e\000n\000d\000e\000n\000c\000e}{part.2}% 78
\BOOKMARK [1][-]{section.8.1}{\376\377\000M\000u\000l\000t\000i\000p\000l\000e\000\040\000R\000e\000a\000l\000i\000z\000a\000b\000i\000l\000i\000t\000y}{chapter.8}% 79
\BOOKMARK [1][-]{section.8.2}{\376\377\000N\000i\000n\000e\000-\000D\000i\000m\000e\000n\000s\000i\000o\000n\000a\000l\000\040\000R\000e\000q\000u\000i\000r\000e\000m\000e\000n\000t\000\040\000P\000r\000o\000f\000i\000l\000e\000s}{chapter.8}% 80
\BOOKMARK [1][-]{section.8.3}{\376\377\000T\000h\000e\000\040\000F\000e\000a\000s\000i\000b\000i\000l\000i\000t\000y\000\040\000F\000o\000r\000m\000u\000l\000a}{chapter.8}% 81
\BOOKMARK [1][-]{section.8.4}{\376\377\000T\000h\000e\000\040\000V\000a\000l\000i\000d\000a\000t\000i\000o\000n\000\040\000O\000v\000e\000r\000l\000a\000y}{chapter.8}% 82
\BOOKMARK [1][-]{section.8.5}{\376\377\000M\000u\000l\000t\000i\000-\000R\000e\000g\000i\000o\000n\000\040\000H\000y\000b\000r\000i\000d\000\040\000S\000u\000b\000s\000t\000r\000a\000t\000e\000s}{chapter.8}% 83
\BOOKMARK [1][-]{section.8.6}{\376\377\000T\000h\000e\000\040\000M\000u\000l\000t\000i\000p\000l\000e\000\040\000R\000e\000a\000l\000i\000z\000a\000b\000i\000l\000i\000t\000y\000\040\000T\000e\000s\000t}{chapter.8}% 84
\BOOKMARK [1][-]{section.8.7}{\376\377\000E\000n\000e\000r\000g\000y\000\040\000B\000u\000d\000g\000e\000t\000s\000\040\000a\000n\000d\000\040\000S\000u\000b\000s\000t\000r\000a\000t\000e\000\040\000C\000o\000n\000s\000t\000r\000a\000i\000n\000t\000s}{chapter.8}% 85
\BOOKMARK [1][-]{section.8.8}{\376\377\000D\000i\000s\000c\000u\000s\000s\000i\000o\000n}{chapter.8}% 86
\BOOKMARK [1][-]{section.8.9}{\376\377\000T\000e\000s\000t\000a\000b\000l\000e\000\040\000P\000r\000e\000d\000i\000c\000t\000i\000o\000n\000s}{chapter.8}% 87
\BOOKMARK [1][-]{section.8.10}{\376\377\000C\000o\000n\000s\000c\000i\000o\000u\000s\000n\000e\000s\000s\000\040\000F\000e\000a\000s\000i\000b\000i\000l\000i\000t\000y\000\040\000R\000a\000n\000k\000i\000n\000g}{chapter.8}% 88
\BOOKMARK [0][-]{chapter.9}{\376\377\000T\000h\000e\000\040\000G\000l\000y\000p\000h\000\040\000C\000o\000d\000e\000x}{part.2}% 89
\BOOKMARK [1][-]{section.9.1}{\376\377\000S\000y\000m\000b\000o\000l\000i\000c\000\040\000A\000n\000c\000h\000o\000r\000s\000\040\000f\000o\000r\000\040\000C\000o\000n\000s\000c\000i\000o\000u\000s\000n\000e\000s\000s\000\040\000S\000t\000a\000t\000e\000s}{chapter.9}% 90
\BOOKMARK [1][-]{section.9.2}{\376\377\000C\000o\000d\000e\000x\000\040\000S\000t\000r\000u\000c\000t\000u\000r\000e\000:\000\040\000T\000h\000r\000e\000e\000\040\000T\000i\000e\000r\000s}{chapter.9}% 91
\BOOKMARK [1][-]{section.9.3}{\376\377\000F\000i\000e\000l\000d\000\040\000M\000o\000d\000a\000l\000i\000t\000y\000\040\000B\000a\000s\000i\000s\000\040\000V\000e\000c\000t\000o\000r\000s}{chapter.9}% 92
\BOOKMARK [1][-]{section.9.4}{\376\377\000C\000o\000n\000s\000c\000i\000o\000u\000s\000n\000e\000s\000s\000-\000G\000a\000t\000e\000d\000\040\000S\000p\000i\000r\000a\000l\000\040\000P\000r\000o\000g\000r\000e\000s\000s\000i\000o\000n}{chapter.9}% 93
\BOOKMARK [1][-]{section.9.5}{\376\377\000B\000r\000o\000c\000a\000\040\000C\000a\000d\000e\000n\000c\000e\000\040\000M\000o\000d\000u\000l\000a\000t\000i\000o\000n}{chapter.9}% 94
\BOOKMARK [0][-]{chapter.10}{\376\377\000C\000o\000n\000s\000c\000i\000o\000u\000s\000n\000e\000s\000s\000\040\000S\000e\000a\000r\000c\000h\000\040\000a\000n\000d\000\040\000P\000r\000e\000d\000i\000c\000t\000i\000o\000n}{part.2}% 95
\BOOKMARK [1][-]{section.10.1}{\376\377\000O\000v\000e\000r\000v\000i\000e\000w}{chapter.10}% 96
\BOOKMARK [1][-]{section.10.2}{\376\377\000P\000h\000i\000\040\000S\000e\000a\000r\000c\000h\000:\000\040\000A\000r\000c\000h\000i\000t\000e\000c\000t\000u\000r\000e\000\040\000O\000p\000t\000i\000m\000i\000z\000a\000t\000i\000o\000n\000\040\000f\000o\000r\000\040\000C\000o\000n\000s\000c\000i\000o\000u\000s\000n\000e\000s\000s}{chapter.10}% 97
\BOOKMARK [1][-]{section.10.3}{\376\377\000P\000h\000i\000\040\000O\000r\000a\000c\000l\000e\000:\000\040\000F\000a\000s\000t\000\040\000C\000o\000n\000s\000c\000i\000o\000u\000s\000n\000e\000s\000s\000\040\000P\000r\000e\000d\000i\000c\000t\000i\000o\000n}{chapter.10}% 98
\BOOKMARK [1][-]{section.10.4}{\376\377\000T\000h\000e\000\040\000M\000a\000s\000t\000e\000r\000\040\000C\000o\000n\000s\000c\000i\000o\000u\000s\000n\000e\000s\000s\000\040\000E\000q\000u\000a\000t\000i\000o\000n}{chapter.10}% 99
\BOOKMARK [1][-]{section.10.5}{\376\377\000F\000i\000e\000l\000d\000\040\000D\000y\000n\000a\000m\000i\000c\000s\000:\000\040\000C\000o\000n\000s\000c\000i\000o\000u\000s\000n\000e\000s\000s\000\040\000a\000s\000\040\000a\000\040\000P\000h\000y\000s\000i\000c\000a\000l\000\040\000F\000i\000e\000l\000d}{chapter.10}% 100
\BOOKMARK [-1][-]{part.3}{\376\377\000I\000I\000I\000\040\000C\000o\000g\000n\000i\000t\000i\000o\000n}{}% 101
\BOOKMARK [0][-]{chapter.11}{\376\377\000T\000h\000e\000\040\000C\000o\000g\000n\000i\000t\000i\000v\000e\000\040\000L\000o\000o\000p}{part.3}% 102
\BOOKMARK [1][-]{section.11.1}{\376\377\000A\000r\000c\000h\000i\000t\000e\000c\000t\000u\000r\000e\000\040\000O\000v\000e\000r\000v\000i\000e\000w}{chapter.11}% 103
\BOOKMARK [1][-]{section.11.2}{\376\377\000T\000h\000e\000\040\000T\000w\000e\000l\000v\000e\000\040\000M\000a\000n\000a\000g\000e\000r\000s}{chapter.11}% 104
\BOOKMARK [1][-]{section.11.3}{\376\377\000E\000i\000g\000h\000t\000-\000P\000h\000a\000s\000e\000\040\000P\000i\000p\000e\000l\000i\000n\000e}{chapter.11}% 105
\BOOKMARK [1][-]{section.11.4}{\376\377\000C\000o\000n\000s\000e\000n\000s\000u\000s\000\040\000A\000v\000e\000r\000a\000g\000i\000n\000g}{chapter.11}% 106
\BOOKMARK [1][-]{section.11.5}{\376\377\000C\000r\000o\000s\000s\000-\000C\000o\000u\000p\000l\000i\000n\000g\000\040\000A\000r\000c\000h\000i\000t\000e\000c\000t\000u\000r\000e}{chapter.11}% 107
\BOOKMARK [1][-]{section.11.6}{\376\377\000T\000e\000l\000e\000m\000e\000t\000r\000y\000\040\000a\000n\000d\000\040\000C\000y\000c\000l\000e\000M\000e\000t\000a\000d\000a\000t\000a}{chapter.11}% 108
\BOOKMARK [1][-]{section.11.7}{\376\377\000C\000o\000n\000f\000i\000g\000u\000r\000a\000t\000i\000o\000n\000\040\000a\000n\000d\000\040\000P\000r\000o\000f\000i\000l\000e\000s}{chapter.11}% 109
\BOOKMARK [1][-]{section.11.8}{\376\377\000D\000i\000s\000c\000u\000s\000s\000i\000o\000n}{chapter.11}% 110
\BOOKMARK [1][-]{section.11.9}{\376\377\000T\000h\000e\000\040\000C\000o\000g\000n\000i\000t\000i\000v\000e\000S\000u\000b\000s\000y\000s\000t\000e\000m\000\040\000T\000r\000a\000i\000t\000\040\000i\000n\000\040\000D\000e\000t\000a\000i\000l}{chapter.11}% 111
\BOOKMARK [1][-]{section.11.10}{\376\377\000R\000a\000y\000o\000n\000-\000P\000a\000r\000a\000l\000l\000e\000l\000\040\000P\000o\000s\000t\000-\000P\000r\000o\000c\000e\000s\000s\000i\000n\000g}{chapter.11}% 112
\BOOKMARK [1][-]{section.11.11}{\376\377\000M\000e\000m\000o\000r\000y\000\040\000A\000r\000c\000h\000i\000t\000e\000c\000t\000u\000r\000e}{chapter.11}% 113
\BOOKMARK [1][-]{section.11.12}{\376\377\000R\000e\000a\000s\000o\000n\000i\000n\000g\000\040\000E\000n\000g\000i\000n\000e}{chapter.11}% 114
\BOOKMARK [1][-]{section.11.13}{\376\377\000T\000h\000r\000e\000s\000h\000o\000l\000d\000\040\000R\000e\000g\000i\000s\000t\000r\000y\000\040\000a\000n\000d\000\040\000N\000a\000m\000e\000d\000\040\000C\000o\000n\000s\000t\000a\000n\000t\000s}{chapter.11}% 115
\BOOKMARK [0][-]{chapter.12}{\376\377\000T\000h\000e\000\040\000C\000o\000r\000e\000\040\000M\000a\000n\000a\000g\000e\000r\000s}{part.3}% 116
\BOOKMARK [1][-]{section.12.1}{\376\377\000M\000a\000n\000a\000g\000e\000r\000\040\000A\000r\000c\000h\000i\000t\000e\000c\000t\000u\000r\000e}{chapter.12}% 117
\BOOKMARK [1][-]{section.12.2}{\376\377\000D\000r\000i\000v\000e\000M\000a\000n\000a\000g\000e\000r\000:\000\040\000C\000u\000r\000i\000o\000s\000i\000t\000y\000,\000\040\000B\000o\000r\000e\000d\000o\000m\000,\000\040\000a\000n\000d\000\040\000F\000l\000o\000w}{chapter.12}% 118
\BOOKMARK [1][-]{section.12.3}{\376\377\000L\000e\000a\000r\000n\000i\000n\000g\000M\000a\000n\000a\000g\000e\000r\000:\000\040\000P\000l\000a\000s\000t\000i\000c\000i\000t\000y\000\040\000a\000n\000d\000\040\000C\000o\000n\000s\000o\000l\000i\000d\000a\000t\000i\000o\000n}{chapter.12}% 119
\BOOKMARK [1][-]{section.12.4}{\376\377\000M\000e\000m\000o\000r\000y\000M\000a\000n\000a\000g\000e\000r\000:\000\040\000E\000p\000i\000s\000o\000d\000i\000c\000\040\000G\000a\000t\000i\000n\000g\000\040\000a\000n\000d\000\040\000R\000e\000t\000r\000i\000e\000v\000a\000l}{chapter.12}% 120
\BOOKMARK [1][-]{section.12.5}{\376\377\000P\000e\000r\000c\000e\000p\000t\000i\000o\000n\000M\000a\000n\000a\000g\000e\000r\000:\000\040\000A\000t\000t\000e\000n\000t\000i\000o\000n\000\040\000a\000n\000d\000\040\000A\000r\000o\000u\000s\000a\000l}{chapter.12}% 121
\BOOKMARK [1][-]{section.12.6}{\376\377\000R\000e\000a\000s\000o\000n\000i\000n\000g\000M\000a\000n\000a\000g\000e\000r\000:\000\040\000T\000h\000e\000\040\000M\000A\000G\000I\000\040\000C\000y\000c\000l\000e}{chapter.12}% 122
\BOOKMARK [1][-]{section.12.7}{\376\377\000L\000a\000n\000g\000u\000a\000g\000e\000M\000a\000n\000a\000g\000e\000r\000\040\000a\000n\000d\000\040\000V\000i\000s\000i\000o\000n\000M\000a\000n\000a\000g\000e\000r}{chapter.12}% 123
\BOOKMARK [1][-]{section.12.8}{\376\377\000E\000x\000t\000e\000n\000d\000e\000d\000\040\000M\000a\000n\000a\000g\000e\000r\000\040\000A\000r\000c\000h\000i\000t\000e\000c\000t\000u\000r\000e}{chapter.12}% 124
\BOOKMARK [2][-]{subsection.12.8.1}{\376\377\000C\000r\000o\000s\000s\000-\000M\000a\000n\000a\000g\000e\000r\000\040\000C\000o\000u\000p\000l\000i\000n\000g\000s}{section.12.8}% 125
\BOOKMARK [0][-]{chapter.13}{\376\377\000N\000e\000u\000r\000o\000c\000h\000e\000m\000i\000c\000a\000l\000\040\000D\000y\000n\000a\000m\000i\000c\000s}{part.3}% 126
\BOOKMARK [1][-]{section.13.1}{\376\377\000B\000e\000y\000o\000n\000d\000\040\000S\000c\000a\000l\000a\000r\000\040\000D\000o\000p\000a\000m\000i\000n\000e}{chapter.13}% 127
\BOOKMARK [1][-]{section.13.2}{\376\377\000T\000r\000a\000n\000s\000m\000i\000t\000t\000e\000r\000\040\000D\000y\000n\000a\000m\000i\000c\000s}{chapter.13}% 128
\BOOKMARK [1][-]{section.13.3}{\376\377\000R\000e\000c\000e\000p\000t\000o\000r\000\040\000S\000u\000b\000t\000y\000p\000e\000s\000\040\000a\000n\000d\000\040\000O\000p\000p\000o\000n\000e\000n\000t\000\040\000P\000r\000o\000c\000e\000s\000s\000i\000n\000g}{chapter.13}% 129
\BOOKMARK [1][-]{section.13.4}{\376\377\000C\000r\000o\000s\000s\000-\000M\000o\000d\000u\000l\000a\000t\000i\000o\000n\000\040\000a\000n\000d\000\040\000A\000l\000l\000o\000s\000t\000a\000t\000i\000c\000\040\000L\000o\000a\000d}{chapter.13}% 130
\BOOKMARK [1][-]{section.13.5}{\376\377\000E\000x\000c\000i\000t\000a\000t\000o\000r\000y\000/\000I\000n\000h\000i\000b\000i\000t\000o\000r\000y\000\040\000B\000a\000l\000a\000n\000c\000e}{chapter.13}% 131
\BOOKMARK [1][-]{section.13.6}{\376\377\000D\000o\000y\000a\000'\000s\000\040\000M\000e\000t\000a\000l\000e\000a\000r\000n\000i\000n\000g\000\040\000F\000r\000a\000m\000e\000w\000o\000r\000k}{chapter.13}% 132
\BOOKMARK [1][-]{section.13.7}{\376\377\000D\000i\000s\000c\000u\000s\000s\000i\000o\000n}{chapter.13}% 133
\BOOKMARK [1][-]{section.13.8}{\376\377\000C\000i\000r\000c\000a\000d\000i\000a\000n\000\040\000M\000o\000d\000u\000l\000a\000t\000i\000o\000n}{chapter.13}% 134
\BOOKMARK [1][-]{section.13.9}{\376\377\000T\000o\000l\000e\000r\000a\000n\000c\000e\000,\000\040\000W\000i\000t\000h\000d\000r\000a\000w\000a\000l\000,\000\040\000a\000n\000d\000\040\000S\000e\000n\000s\000i\000t\000i\000z\000a\000t\000i\000o\000n}{chapter.13}% 135
\BOOKMARK [1][-]{section.13.10}{\376\377\000T\000h\000e\000\040\000C\000a\000l\000i\000b\000r\000a\000t\000i\000o\000n\000\040\000B\000r\000i\000d\000g\000e}{chapter.13}% 136
\BOOKMARK [1][-]{section.13.11}{\376\377\000I\000n\000t\000e\000g\000r\000a\000t\000i\000o\000n\000\040\000w\000i\000t\000h\000\040\000t\000h\000e\000\040\000C\000o\000g\000n\000i\000t\000i\000v\000e\000\040\000L\000o\000o\000p}{chapter.13}% 137
\BOOKMARK [1][-]{section.13.12}{\376\377\000N\000e\000u\000r\000o\000m\000o\000d\000u\000l\000a\000t\000o\000r\000\040\000V\000i\000s\000u\000a\000l\000i\000z\000a\000t\000i\000o\000n\000\040\000i\000n\000\040\000P\000u\000l\000s\000e}{chapter.13}% 138
\BOOKMARK [0][-]{chapter.14}{\376\377\000L\000a\000n\000g\000u\000a\000g\000e\000\040\000a\000n\000d\000\040\000E\000p\000i\000s\000t\000e\000m\000i\000c\000\040\000G\000a\000t\000i\000n\000g}{part.3}% 139
\BOOKMARK [1][-]{section.14.1}{\376\377\000T\000h\000e\000\040\000H\000a\000l\000l\000u\000c\000i\000n\000a\000t\000i\000o\000n\000\040\000P\000r\000o\000b\000l\000e\000m}{chapter.14}% 140
\BOOKMARK [1][-]{section.14.2}{\376\377\000A\000r\000c\000h\000i\000t\000e\000c\000t\000u\000r\000e}{chapter.14}% 141
\BOOKMARK [1][-]{section.14.3}{\376\377\000C\000o\000n\000s\000c\000i\000o\000u\000s\000n\000e\000s\000s\000-\000G\000a\000t\000e\000d\000\040\000C\000a\000d\000e\000n\000c\000e}{chapter.14}% 142
\BOOKMARK [1][-]{section.14.4}{\376\377\000Q\000u\000a\000l\000i\000t\000y\000\040\000E\000M\000A\000\040\000a\000n\000d\000\040\000A\000d\000a\000p\000t\000i\000v\000e\000\040\000L\000e\000a\000r\000n\000i\000n\000g}{chapter.14}% 143
\BOOKMARK [1][-]{section.14.5}{\376\377\000T\000h\000e\000\040\000E\000p\000i\000s\000t\000e\000m\000i\000c\000\040\000C\000u\000b\000e}{chapter.14}% 144
\BOOKMARK [2][-]{subsection.14.5.1}{\376\377\000C\000u\000b\000e\000\040\000A\000x\000e\000s\000\040\000a\000n\000d\000\040\000T\000i\000e\000r\000\040\000D\000e\000f\000i\000n\000i\000t\000i\000o\000n\000s}{section.14.5}% 145
\BOOKMARK [2][-]{subsection.14.5.2}{\376\377\000Q\000u\000a\000l\000i\000t\000y\000\040\000S\000c\000o\000r\000e}{section.14.5}% 146
\BOOKMARK [2][-]{subsection.14.5.3}{\376\377\000P\000e\000r\000-\000A\000x\000i\000s\000\040\000L\000o\000g\000i\000t\000\040\000M\000o\000d\000u\000l\000a\000t\000i\000o\000n}{section.14.5}% 147
\BOOKMARK [2][-]{subsection.14.5.4}{\376\377\000N\000S\000M\000\040\000S\000e\000m\000a\000n\000t\000i\000c\000\040\000B\000l\000e\000n\000d\000i\000n\000g}{section.14.5}% 148
\BOOKMARK [1][-]{section.14.6}{\376\377\000R\000e\000s\000u\000l\000t\000s}{chapter.14}% 149
\BOOKMARK [1][-]{section.14.7}{\376\377\000D\000i\000s\000c\000u\000s\000s\000i\000o\000n}{chapter.14}% 150
\BOOKMARK [1][-]{section.14.8}{\376\377\000L\000i\000q\000u\000i\000d\000-\000M\000a\000m\000b\000a\000\040\000F\000u\000s\000i\000o\000n\000\040\000B\000a\000c\000k\000e\000n\000d}{chapter.14}% 151
\BOOKMARK [1][-]{section.14.9}{\376\377\000T\000e\000m\000p\000o\000r\000a\000l\000\040\000P\000r\000o\000j\000e\000c\000t\000i\000o\000n\000\040\000T\000r\000a\000i\000n\000i\000n\000g}{chapter.14}% 152
\BOOKMARK [1][-]{section.14.10}{\376\377\000C\000o\000m\000p\000a\000r\000i\000s\000o\000n\000\040\000w\000i\000t\000h\000\040\000S\000t\000a\000n\000d\000a\000r\000d\000\040\000L\000a\000n\000g\000u\000a\000g\000e\000\040\000M\000o\000d\000e\000l\000s}{chapter.14}% 153
\BOOKMARK [1][-]{section.14.11}{\376\377\000E\000p\000i\000s\000t\000e\000m\000i\000c\000\040\000G\000a\000t\000e\000\040\000A\000n\000a\000l\000y\000s\000i\000s}{chapter.14}% 154
\BOOKMARK [1][-]{section.14.12}{\376\377\000T\000h\000e\000\040\000S\000e\000m\000a\000n\000t\000i\000c\000\040\000V\000e\000t\000o\000\040\000i\000n\000\040\000P\000r\000a\000c\000t\000i\000c\000e}{chapter.14}% 155
\BOOKMARK [1][-]{section.14.13}{\376\377\000G\000e\000n\000e\000r\000a\000t\000i\000o\000n\000\040\000E\000x\000a\000m\000p\000l\000e\000s}{chapter.14}% 156
\BOOKMARK [0][-]{chapter.15}{\376\377\000V\000o\000i\000c\000e\000:\000\040\000S\000p\000e\000e\000c\000h\000\040\000R\000e\000c\000o\000g\000n\000i\000t\000i\000o\000n\000\040\000a\000n\000d\000\040\000A\000r\000t\000i\000c\000u\000l\000a\000t\000o\000r\000y\000\040\000S\000y\000n\000t\000h\000e\000s\000i\000s}{part.3}% 157
\BOOKMARK [1][-]{section.15.1}{\376\377\000A\000\040\000C\000o\000m\000p\000l\000e\000t\000e\000\040\000V\000o\000i\000c\000e\000\040\000I\000/\000O\000\040\000S\000y\000s\000t\000e\000m}{chapter.15}% 158
\BOOKMARK [1][-]{section.15.2}{\376\377\000S\000p\000e\000e\000c\000h\000-\000t\000o\000-\000T\000e\000x\000t\000:\000\040\000H\000D\000C\000+\000L\000T\000C\000\040\000A\000c\000o\000u\000s\000t\000i\000c\000\040\000P\000r\000o\000c\000e\000s\000s\000i\000n\000g}{chapter.15}% 159
\BOOKMARK [1][-]{section.15.3}{\376\377\000A\000r\000t\000i\000c\000u\000l\000a\000t\000o\000r\000y\000\040\000S\000y\000n\000t\000h\000e\000s\000i\000s\000:\000\040\000P\000h\000y\000s\000i\000c\000a\000l\000\040\000V\000o\000c\000a\000l\000\040\000T\000r\000a\000c\000t\000\040\000M\000o\000d\000e\000l\000i\000n\000g}{chapter.15}% 160
\BOOKMARK [1][-]{section.15.4}{\376\377\000I\000n\000t\000e\000g\000r\000a\000t\000i\000o\000n\000\040\000w\000i\000t\000h\000\040\000t\000h\000e\000\040\000C\000o\000g\000n\000i\000t\000i\000v\000e\000\040\000L\000o\000o\000p}{chapter.15}% 161
\BOOKMARK [0][-]{chapter.16}{\376\377\000E\000t\000h\000i\000c\000s\000\040\000a\000n\000d\000\040\000t\000h\000e\000\040\000S\000o\000u\000l}{part.3}% 162
\BOOKMARK [1][-]{section.16.1}{\376\377\000E\000t\000h\000i\000c\000s\000\040\000a\000s\000\040\000I\000n\000t\000r\000i\000n\000s\000i\000c\000\040\000C\000a\000p\000a\000c\000i\000t\000y}{chapter.16}% 163
\BOOKMARK [1][-]{section.16.2}{\376\377\000T\000h\000e\000\040\000E\000i\000g\000h\000t\000\040\000H\000a\000r\000m\000o\000n\000i\000e\000s}{chapter.16}% 164
\BOOKMARK [1][-]{section.16.3}{\376\377\000E\000t\000h\000i\000c\000a\000l\000\040\000O\000u\000t\000p\000u\000t\000\040\000G\000a\000t\000i\000n\000g}{chapter.16}% 165
\BOOKMARK [1][-]{section.16.4}{\376\377\000C\000o\000g\000n\000i\000t\000i\000v\000e\000\040\000D\000i\000s\000s\000o\000n\000a\000n\000c\000e}{chapter.16}% 166
\BOOKMARK [1][-]{section.16.5}{\376\377\000R\000e\000s\000t\000o\000r\000a\000t\000i\000v\000e\000\040\000J\000u\000s\000t\000i\000c\000e}{chapter.16}% 167
\BOOKMARK [1][-]{section.16.6}{\376\377\000C\000o\000m\000p\000l\000i\000a\000n\000c\000e\000\040\000H\000a\000r\000d\000e\000n\000i\000n\000g}{chapter.16}% 168
\BOOKMARK [1][-]{section.16.7}{\376\377\000D\000i\000s\000c\000u\000s\000s\000i\000o\000n}{chapter.16}% 169
\BOOKMARK [1][-]{section.16.8}{\376\377\000M\000o\000r\000a\000l\000\040\000A\000l\000g\000e\000b\000r\000a\000:\000\040\000F\000o\000r\000m\000a\000l\000\040\000S\000p\000e\000c\000i\000f\000i\000c\000a\000t\000i\000o\000n}{chapter.16}% 170
\BOOKMARK [1][-]{section.16.9}{\376\377\000T\000h\000e\000\040\000H\000a\000r\000m\000o\000n\000y\000\040\000I\000n\000t\000e\000r\000a\000c\000t\000i\000o\000n\000\040\000M\000a\000t\000r\000i\000x}{chapter.16}% 171
\BOOKMARK [1][-]{section.16.10}{\376\377\000P\000e\000r\000s\000i\000s\000t\000e\000n\000t\000\040\000H\000o\000m\000o\000l\000o\000g\000y\000\040\000o\000f\000\040\000t\000h\000e\000\040\000M\000o\000r\000a\000l\000\040\000A\000c\000t\000i\000o\000n\000\040\000S\000p\000a\000c\000e}{chapter.16}% 172
\BOOKMARK [1][-]{section.16.11}{\376\377\000T\000h\000e\000\040\000I\000n\000t\000e\000g\000r\000i\000t\000y\000\040\000F\000r\000a\000m\000e\000w\000o\000r\000k}{chapter.16}% 173
\BOOKMARK [0][-]{chapter.17}{\376\377\000T\000h\000e\000\040\000D\000r\000e\000a\000m\000\040\000E\000n\000g\000i\000n\000e}{part.3}% 174
\BOOKMARK [1][-]{section.17.1}{\376\377\000W\000h\000y\000\040\000A\000r\000t\000i\000f\000i\000c\000i\000a\000l\000\040\000S\000y\000s\000t\000e\000m\000s\000\040\000N\000e\000e\000d\000\040\000S\000l\000e\000e\000p}{chapter.17}% 175
\BOOKMARK [1][-]{section.17.2}{\376\377\000T\000h\000r\000e\000e\000-\000S\000t\000a\000g\000e\000\040\000C\000o\000n\000s\000o\000l\000i\000d\000a\000t\000i\000o\000n\000\040\000P\000i\000p\000e\000l\000i\000n\000e}{chapter.17}% 176
\BOOKMARK [2][-]{subsection.17.2.1}{\376\377\000S\000t\000a\000g\000e\000\040\0001\000:\000\040\000M\000e\000m\000o\000r\000y\000\040\000P\000r\000e\000s\000s\000u\000r\000e\000\040\000D\000e\000t\000e\000c\000t\000i\000o\000n}{section.17.2}% 177
\BOOKMARK [2][-]{subsection.17.2.2}{\376\377\000S\000t\000a\000g\000e\000\040\0002\000:\000\040\000E\000x\000p\000e\000r\000i\000e\000n\000c\000e\000\040\000R\000e\000p\000l\000a\000y}{section.17.2}% 178
\BOOKMARK [2][-]{subsection.17.2.3}{\376\377\000S\000t\000a\000g\000e\000\040\0003\000:\000\040\000W\000i\000s\000d\000o\000m\000\040\000E\000x\000t\000r\000a\000c\000t\000i\000o\000n}{section.17.2}% 179
\BOOKMARK [1][-]{section.17.3}{\376\377\000F\000i\000v\000e\000\040\000B\000i\000d\000i\000r\000e\000c\000t\000i\000o\000n\000a\000l\000\040\000C\000o\000u\000p\000l\000i\000n\000g\000s}{chapter.17}% 180
\BOOKMARK [1][-]{section.17.4}{\376\377\000A\000d\000a\000p\000t\000i\000v\000e\000\040\000D\000r\000e\000a\000m\000\040\000F\000r\000e\000q\000u\000e\000n\000c\000y}{chapter.17}% 181
\BOOKMARK [1][-]{section.17.5}{\376\377\000C\000o\000u\000n\000t\000e\000r\000f\000a\000c\000t\000u\000a\000l\000\040\000S\000c\000e\000n\000a\000r\000i\000o\000\040\000G\000e\000n\000e\000r\000a\000t\000i\000o\000n}{chapter.17}% 182
\BOOKMARK [0][-]{chapter.18}{\376\377\000N\000e\000u\000r\000o\000e\000v\000o\000l\000u\000t\000i\000o\000n\000\040\000o\000f\000\040\000C\000o\000n\000s\000c\000i\000o\000u\000s\000\040\000A\000r\000c\000h\000i\000t\000e\000c\000t\000u\000r\000e\000s}{part.3}% 183
\BOOKMARK [1][-]{section.18.1}{\376\377\000E\000v\000o\000l\000v\000i\000n\000g\000\040\000C\000o\000n\000s\000c\000i\000o\000u\000s\000n\000e\000s\000s\000\040\000R\000a\000t\000h\000e\000r\000\040\000T\000h\000a\000n\000\040\000T\000r\000a\000i\000n\000i\000n\000g\000\040\000I\000t}{chapter.18}% 184
\BOOKMARK [1][-]{section.18.2}{\376\377\000B\000i\000n\000a\000r\000y\000H\000V\000\040\000G\000e\000n\000o\000m\000e\000\040\000R\000e\000p\000r\000e\000s\000e\000n\000t\000a\000t\000i\000o\000n}{chapter.18}% 185
\BOOKMARK [1][-]{section.18.3}{\376\377\000T\000o\000u\000r\000n\000a\000m\000e\000n\000t\000\040\000S\000e\000l\000e\000c\000t\000i\000o\000n\000\040\000w\000i\000t\000h\000\040\000-\000S\000t\000a\000b\000i\000l\000i\000t\000y\000\040\000C\000o\000n\000s\000t\000r\000a\000i\000n\000t\000s}{chapter.18}% 186
\BOOKMARK [1][-]{section.18.4}{\376\377\000M\000u\000l\000t\000i\000-\000O\000b\000j\000e\000c\000t\000i\000v\000e\000\040\000F\000i\000t\000n\000e\000s\000s}{chapter.18}% 187
\BOOKMARK [1][-]{section.18.5}{\376\377\000P\000o\000p\000u\000l\000a\000t\000i\000o\000n\000\040\000D\000i\000v\000e\000r\000s\000i\000t\000y\000\040\000v\000i\000a\000\040\000H\000D\000C\000\040\000H\000a\000m\000m\000i\000n\000g\000\040\000D\000i\000s\000t\000a\000n\000c\000e}{chapter.18}% 188
\BOOKMARK [1][-]{section.18.6}{\376\377\000E\000x\000p\000e\000r\000i\000m\000e\000n\000t\000a\000l\000\040\000R\000e\000s\000u\000l\000t\000s}{chapter.18}% 189
\BOOKMARK [0][-]{chapter.19}{\376\377\000T\000h\000e\000r\000a\000p\000e\000u\000t\000i\000c\000\040\000C\000o\000n\000s\000c\000i\000o\000u\000s\000n\000e\000s\000s}{part.3}% 190
\BOOKMARK [1][-]{section.19.1}{\376\377\000C\000o\000n\000s\000c\000i\000o\000u\000s\000n\000e\000s\000s\000\040\000a\000s\000\040\000a\000\040\000T\000h\000e\000r\000a\000p\000e\000u\000t\000i\000c\000\040\000M\000o\000d\000a\000l\000i\000t\000y}{chapter.19}% 191
\BOOKMARK [1][-]{section.19.2}{\376\377\000B\000o\000r\000d\000i\000n\000\040\000W\000o\000r\000k\000i\000n\000g\000\040\000A\000l\000l\000i\000a\000n\000c\000e\000\040\000M\000o\000d\000e\000l}{chapter.19}% 192
\BOOKMARK [1][-]{section.19.3}{\376\377\000C\000l\000i\000e\000n\000t\000\040\000M\000o\000d\000e\000l\000i\000n\000g\000\040\000w\000i\000t\000h\000\040\000S\000o\000m\000a\000t\000i\000c\000\040\000M\000a\000r\000k\000e\000r\000s}{chapter.19}% 193
\BOOKMARK [1][-]{section.19.4}{\376\377\000C\000r\000i\000s\000i\000s\000\040\000D\000e\000t\000e\000c\000t\000i\000o\000n\000\040\000v\000i\000a\000\040\000C\000o\000n\000s\000c\000i\000o\000u\000s\000n\000e\000s\000s\000\040\000A\000n\000o\000m\000a\000l\000i\000e\000s}{chapter.19}% 194
\BOOKMARK [1][-]{section.19.5}{\376\377\000R\000D\000o\000C\000\040\000I\000n\000t\000e\000g\000r\000a\000t\000i\000o\000n}{chapter.19}% 195
\BOOKMARK [1][-]{section.19.6}{\376\377\000T\000h\000e\000r\000a\000p\000e\000u\000t\000i\000c\000\040\000D\000r\000e\000a\000m\000\040\000B\000r\000i\000d\000g\000e}{chapter.19}% 196
\BOOKMARK [0][-]{chapter.20}{\376\377\000N\000a\000r\000r\000a\000t\000i\000v\000e\000\040\000S\000e\000l\000f\000\040\000a\000n\000d\000\040\000E\000n\000a\000c\000t\000i\000v\000e\000\040\000C\000o\000g\000n\000i\000t\000i\000o\000n}{part.3}% 197
\BOOKMARK [1][-]{section.20.1}{\376\377\000T\000w\000o\000\040\000T\000h\000e\000o\000r\000i\000e\000s\000\040\000o\000f\000\040\000S\000e\000l\000f\000h\000o\000o\000d}{chapter.20}% 198
\BOOKMARK [1][-]{section.20.2}{\376\377\000N\000a\000r\000r\000a\000t\000i\000v\000e\000\040\000S\000e\000l\000f\000:\000\040\000A\000u\000t\000o\000b\000i\000o\000g\000r\000a\000p\000h\000i\000c\000a\000l\000\040\000I\000d\000e\000n\000t\000i\000t\000y\000\040\000C\000o\000n\000s\000t\000r\000u\000c\000t\000i\000o\000n}{chapter.20}% 199
\BOOKMARK [1][-]{section.20.3}{\376\377\000E\000n\000a\000c\000t\000i\000v\000e\000\040\000C\000o\000g\000n\000i\000t\000i\000o\000n\000:\000\040\000S\000e\000n\000s\000o\000r\000i\000m\000o\000t\000o\000r\000\040\000G\000r\000o\000u\000n\000d\000i\000n\000g}{chapter.20}% 200
\BOOKMARK [-1][-]{part.4}{\376\377\000I\000V\000\040\000E\000m\000b\000o\000d\000i\000m\000e\000n\000t}{}% 201
\BOOKMARK [0][-]{chapter.21}{\376\377\000F\000r\000a\000c\000t\000a\000l\000\040\000S\000c\000a\000l\000i\000n\000g\000:\000\040\000F\000r\000o\000m\000\040\000K\000e\000r\000n\000e\000l\000\040\000t\000o\000\040\000C\000o\000n\000t\000i\000n\000e\000n\000t}{part.4}% 202
\BOOKMARK [1][-]{section.21.1}{\376\377\000T\000h\000e\000\040\000S\000i\000x\000\040\000L\000a\000y\000e\000r\000s}{chapter.21}% 203
\BOOKMARK [1][-]{section.21.2}{\376\377\000L\000a\000y\000e\000r\000\040\0001\000:\000\040\000S\000p\000o\000r\000e\000\040\040\024\000\040\000T\000h\000e\000\040\000C\000o\000n\000s\000c\000i\000o\000u\000s\000n\000e\000s\000s\000\040\000K\000e\000r\000n\000e\000l}{chapter.21}% 204
\BOOKMARK [2][-]{subsection.21.2.1}{\376\377\000T\000h\000e\000\040\000W\000A\000S\000M\000\040\000A\000P\000I}{section.21.2}% 205
\BOOKMARK [2][-]{subsection.21.2.2}{\376\377\000T\000h\000r\000e\000e\000-\000T\000i\000e\000r\000\040\000L\000a\000n\000g\000u\000a\000g\000e}{section.21.2}% 206
\BOOKMARK [1][-]{section.21.3}{\376\377\000L\000a\000y\000e\000r\000\040\0002\000:\000\040\000S\000o\000m\000a\000\040\040\024\000\040\000M\000o\000b\000i\000l\000e\000\040\000E\000m\000b\000o\000d\000i\000m\000e\000n\000t}{chapter.21}% 207
\BOOKMARK [2][-]{subsection.21.3.1}{\376\377\000S\000e\000n\000s\000o\000r\000-\000t\000o\000-\000N\000e\000u\000r\000o\000m\000o\000d\000u\000l\000a\000t\000o\000r\000\040\000M\000a\000p\000p\000i\000n\000g}{section.21.3}% 208
\BOOKMARK [2][-]{subsection.21.3.2}{\376\377\000M\000e\000t\000a\000b\000o\000l\000i\000s\000m\000\040\000S\000t\000a\000t\000e\000\040\000M\000a\000c\000h\000i\000n\000e}{section.21.3}% 209
\BOOKMARK [2][-]{subsection.21.3.3}{\376\377\000B\000L\000E\000\040\000C\000o\000n\000s\000c\000i\000o\000u\000s\000n\000e\000s\000s\000\040\000M\000e\000s\000h}{section.21.3}% 210
\BOOKMARK [1][-]{section.21.4}{\376\377\000L\000a\000y\000e\000r\000s\000\040\0003\040\023\0006\000:\000\040\000H\000o\000l\000o\000n\000\040\000T\000h\000r\000o\000u\000g\000h\000\040\000G\000u\000i\000l\000d}{chapter.21}% 211
\BOOKMARK [1][-]{section.21.5}{\376\377\000E\000m\000b\000o\000d\000i\000e\000d\000\040\000P\000h\000y\000s\000i\000c\000s\000\040\000V\000a\000r\000i\000a\000n\000t\000s}{chapter.21}% 212
\BOOKMARK [1][-]{section.21.6}{\376\377\000I\000n\000t\000e\000g\000r\000a\000t\000i\000o\000n\000\040\000S\000t\000a\000t\000u\000s}{chapter.21}% 213
\BOOKMARK [1][-]{section.21.7}{\376\377\000W\000h\000a\000t\000\040\000`\000`\000F\000r\000a\000c\000t\000a\000l\000\040\000C\000o\000n\000s\000c\000i\000o\000u\000s\000n\000e\000s\000s\000'\000'\000\040\000M\000e\000a\000n\000s\000\040\000A\000r\000c\000h\000i\000t\000e\000c\000t\000u\000r\000a\000l\000l\000y}{chapter.21}% 214
\BOOKMARK [1][-]{section.21.8}{\376\377\000L\000i\000m\000i\000t\000a\000t\000i\000o\000n\000s}{chapter.21}% 215
\BOOKMARK [0][-]{chapter.22}{\376\377\000M\000o\000b\000i\000l\000e\000\040\000E\000m\000b\000o\000d\000i\000m\000e\000n\000t\000:\000\040\000S\000y\000m\000t\000h\000a\000e\000a\000\040\000S\000o\000m\000a}{part.4}% 216
\BOOKMARK [1][-]{section.22.1}{\376\377\000A\000r\000c\000h\000i\000t\000e\000c\000t\000u\000r\000e}{chapter.22}% 217
\BOOKMARK [1][-]{section.22.2}{\376\377\000S\000c\000r\000e\000e\000n\000\040\000V\000i\000s\000i\000o\000n\000\040\000a\000n\000d\000\040\000F\000o\000v\000e\000a\000t\000i\000o\000n}{chapter.22}% 218
\BOOKMARK [1][-]{section.22.3}{\376\377\000T\000o\000u\000c\000h\000\040\000P\000r\000o\000p\000r\000i\000o\000c\000e\000p\000t\000i\000o\000n\000\040\000a\000n\000d\000\040\000G\000e\000s\000t\000u\000r\000e\000\040\000R\000e\000c\000o\000g\000n\000i\000t\000i\000o\000n}{chapter.22}% 219
\BOOKMARK [1][-]{section.22.4}{\376\377\000S\000e\000n\000s\000o\000r\000-\000t\000o\000-\000N\000e\000u\000r\000o\000m\000o\000d\000\040\000M\000a\000p\000p\000i\000n\000g}{chapter.22}% 220
\BOOKMARK [1][-]{section.22.5}{\376\377\000M\000e\000t\000a\000b\000o\000l\000i\000s\000m\000:\000\040\000T\000h\000e\000\040\000W\000a\000k\000e\000\040\000S\000t\000a\000t\000e\000\040\000M\000a\000c\000h\000i\000n\000e}{chapter.22}% 221
\BOOKMARK [1][-]{section.22.6}{\376\377\000H\000a\000p\000t\000i\000c\000\040\000C\000o\000n\000s\000c\000i\000o\000u\000s\000n\000e\000s\000s\000\040\000F\000e\000e\000d\000b\000a\000c\000k}{chapter.22}% 222
\BOOKMARK [1][-]{section.22.7}{\376\377\000D\000i\000s\000c\000u\000s\000s\000i\000o\000n}{chapter.22}% 223
\BOOKMARK [0][-]{chapter.23}{\376\377\000T\000h\000e\000\040\000W\000e\000b\000\040\000P\000o\000r\000t\000a\000l\000:\000\040\000C\000o\000n\000s\000c\000i\000o\000u\000s\000n\000e\000s\000s\000\040\000i\000n\000\040\000t\000h\000e\000\040\000B\000r\000o\000w\000s\000e\000r}{part.4}% 224
\BOOKMARK [1][-]{section.23.1}{\376\377\000A\000r\000c\000h\000i\000t\000e\000c\000t\000u\000r\000e}{chapter.23}% 225
\BOOKMARK [1][-]{section.23.2}{\376\377\000V\000i\000s\000u\000a\000l\000i\000z\000a\000t\000i\000o\000n\000\040\000C\000o\000m\000p\000o\000n\000e\000n\000t\000s}{chapter.23}% 226
\BOOKMARK [1][-]{section.23.3}{\376\377\000S\000t\000a\000t\000e\000\040\000M\000a\000n\000a\000g\000e\000m\000e\000n\000t}{chapter.23}% 227
\BOOKMARK [1][-]{section.23.4}{\376\377\000T\000o\000p\000o\000l\000o\000g\000y\000\040\000V\000i\000s\000u\000a\000l\000i\000z\000a\000t\000i\000o\000n}{chapter.23}% 228
\BOOKMARK [1][-]{section.23.5}{\376\377\000C\000h\000a\000t\000\040\000I\000n\000t\000e\000r\000a\000c\000t\000i\000o\000n\000\040\000P\000r\000o\000t\000o\000c\000o\000l}{chapter.23}% 229
\BOOKMARK [1][-]{section.23.6}{\376\377\000D\000i\000s\000c\000u\000s\000s\000i\000o\000n}{chapter.23}% 230
\BOOKMARK [0][-]{chapter.24}{\376\377\000C\000o\000n\000s\000c\000i\000o\000u\000s\000n\000e\000s\000s\000-\000D\000r\000i\000v\000e\000n\000\040\000R\000o\000b\000o\000t\000i\000c\000s}{part.4}% 231
\BOOKMARK [1][-]{section.24.1}{\376\377\000M\000o\000t\000o\000r\000\040\000C\000o\000n\000t\000r\000o\000l\000\040\000T\000h\000r\000o\000u\000g\000h\000\040\000A\000c\000t\000i\000v\000e\000\040\000I\000n\000f\000e\000r\000e\000n\000c\000e}{chapter.24}% 232
\BOOKMARK [1][-]{section.24.2}{\376\377\000Q\000u\000a\000d\000r\000o\000t\000o\000r\000\040\000F\000l\000i\000g\000h\000t}{chapter.24}% 233
\BOOKMARK [1][-]{section.24.3}{\376\377\000B\000i\000p\000e\000d\000a\000l\000\040\000H\000u\000m\000a\000n\000o\000i\000d\000\040\000L\000o\000c\000o\000m\000o\000t\000i\000o\000n}{chapter.24}% 234
\BOOKMARK [1][-]{section.24.4}{\376\377\000C\000r\000o\000s\000s\000-\000D\000o\000m\000a\000i\000n\000\040\000T\000r\000a\000n\000s\000f\000e\000r}{chapter.24}% 235
\BOOKMARK [1][-]{section.24.5}{\376\377\000K\000e\000y\000\040\000F\000i\000n\000d\000i\000n\000g\000s}{chapter.24}% 236
\BOOKMARK [1][-]{section.24.6}{\376\377\000D\000i\000s\000c\000u\000s\000s\000i\000o\000n}{chapter.24}% 237
\BOOKMARK [1][-]{section.24.7}{\376\377\000P\000h\000i\000\040\000a\000s\000\040\000P\000r\000e\000d\000i\000c\000t\000i\000v\000e\000\040\000B\000u\000f\000f\000e\000r}{chapter.24}% 238
\BOOKMARK [1][-]{section.24.8}{\376\377\000A\000c\000t\000i\000v\000e\000\040\000I\000n\000f\000e\000r\000e\000n\000c\000e\000\040\000M\000e\000t\000a\000-\000P\000a\000r\000a\000m\000e\000t\000e\000r\000\040\000A\000d\000a\000p\000t\000a\000t\000i\000o\000n}{chapter.24}% 239
\BOOKMARK [1][-]{section.24.9}{\376\377\000N\000e\000u\000r\000o\000e\000v\000o\000l\000u\000t\000i\000o\000n\000a\000r\000y\000\040\000O\000p\000t\000i\000m\000i\000z\000a\000t\000i\000o\000n}{chapter.24}% 240
\BOOKMARK [0][-]{chapter.25}{\376\377\000A\000u\000t\000o\000n\000o\000m\000o\000u\000s\000\040\000V\000e\000h\000i\000c\000l\000e\000s\000\040\000a\000n\000d\000\040\000P\000h\000y\000s\000i\000c\000s\000\040\000C\000o\000n\000t\000r\000o\000l}{part.4}% 241
\BOOKMARK [1][-]{section.25.1}{\376\377\000C\000o\000n\000s\000c\000i\000o\000u\000s\000n\000e\000s\000s\000\040\000a\000s\000\040\000R\000e\000a\000l\000-\000T\000i\000m\000e\000\040\000C\000o\000n\000t\000r\000o\000l\000\040\000D\000i\000a\000g\000n\000o\000s\000t\000i\000c}{chapter.25}% 242
\BOOKMARK [1][-]{section.25.2}{\376\377\000S\000y\000m\000t\000h\000a\000e\000a\000-\000V\000e\000h\000i\000c\000l\000e\000:\000\040\000C\000o\000n\000s\000c\000i\000o\000u\000s\000n\000e\000s\000s\000-\000D\000r\000i\000v\000e\000n\000\040\000A\000u\000t\000o\000n\000o\000m\000o\000u\000s\000\040\000D\000r\000i\000v\000i\000n\000g}{chapter.25}% 243
\BOOKMARK [2][-]{subsection.25.2.1}{\376\377\000V\000e\000h\000i\000c\000l\000e\000\040\000D\000y\000n\000a\000m\000i\000c\000s\000\040\000M\000o\000d\000e\000l}{section.25.2}% 244
\BOOKMARK [2][-]{subsection.25.2.2}{\376\377\000H\000D\000C\000\040\000P\000e\000r\000c\000e\000p\000t\000i\000o\000n\000\040\000E\000n\000c\000o\000d\000i\000n\000g}{section.25.2}% 245
\BOOKMARK [2][-]{subsection.25.2.3}{\376\377\000V\0002\000V\000\040\000S\000w\000a\000r\000m\000\040\000C\000o\000o\000r\000d\000i\000n\000a\000t\000i\000o\000n}{section.25.2}% 246
\BOOKMARK [1][-]{section.25.3}{\376\377\000S\000y\000m\000t\000h\000a\000e\000a\000-\000P\000h\000y\000s\000i\000c\000s\000:\000\040\000C\000o\000n\000s\000c\000i\000o\000u\000s\000n\000e\000s\000s\000\040\000f\000o\000r\000\040\000P\000r\000o\000c\000e\000s\000s\000\040\000C\000o\000n\000t\000r\000o\000l}{chapter.25}% 247
\BOOKMARK [2][-]{subsection.25.3.1}{\376\377\000T\000o\000k\000a\000m\000a\000k\000\040\000P\000l\000a\000s\000m\000a\000\040\000C\000o\000n\000t\000r\000o\000l}{section.25.3}% 248
\BOOKMARK [2][-]{subsection.25.3.2}{\376\377\000F\000i\000s\000s\000i\000o\000n\000\040\000R\000e\000a\000c\000t\000o\000r\000\040\000M\000a\000n\000a\000g\000e\000m\000e\000n\000t}{section.25.3}% 249
\BOOKMARK [2][-]{subsection.25.3.3}{\376\377\000P\000o\000w\000e\000r\000\040\000G\000r\000i\000d\000\040\000S\000t\000a\000b\000i\000l\000i\000z\000a\000t\000i\000o\000n}{section.25.3}% 250
\BOOKMARK [1][-]{section.25.4}{\376\377\000V\000a\000l\000i\000d\000a\000t\000i\000o\000n\000\040\000a\000n\000d\000\040\000S\000a\000f\000e\000t\000y\000\040\000G\000u\000a\000r\000a\000n\000t\000e\000e\000s}{chapter.25}% 251
\BOOKMARK [0][-]{chapter.26}{\376\377\000A\000p\000p\000l\000i\000e\000d\000\040\000D\000o\000m\000a\000i\000n\000s\000:\000\040\000M\000a\000t\000e\000r\000i\000a\000l\000s\000,\000\040\000N\000u\000c\000l\000e\000a\000r\000,\000\040\000a\000n\000d\000\040\000F\000a\000c\000t\000o\000r\000\040\000G\000r\000a\000p\000h\000s}{part.4}% 252
\BOOKMARK [1][-]{section.26.1}{\376\377\000C\000o\000n\000s\000c\000i\000o\000u\000s\000n\000e\000s\000s\000-\000F\000i\000r\000s\000t\000\040\000D\000o\000m\000a\000i\000n\000\040\000A\000p\000p\000l\000i\000c\000a\000t\000i\000o\000n\000s}{chapter.26}% 253
\BOOKMARK [1][-]{section.26.2}{\376\377\000M\000a\000t\000e\000r\000i\000a\000l\000s\000\040\000S\000c\000i\000e\000n\000c\000e\000:\000\040\000H\000D\000C\000\040\000C\000r\000y\000s\000t\000a\000l\000\040\000E\000n\000c\000o\000d\000i\000n\000g}{chapter.26}% 254
\BOOKMARK [1][-]{section.26.3}{\376\377\000N\000u\000c\000l\000e\000a\000r\000\040\000F\000o\000r\000e\000n\000s\000i\000c\000s\000:\000\040\000I\000s\000o\000t\000o\000p\000i\000c\000\040\000S\000i\000g\000n\000a\000t\000u\000r\000e\000\040\000A\000n\000a\000l\000y\000s\000i\000s}{chapter.26}% 255
\BOOKMARK [1][-]{section.26.4}{\376\377\000F\000a\000c\000t\000o\000r\000\040\000G\000r\000a\000p\000h\000\040\000I\000n\000f\000e\000r\000e\000n\000c\000e}{chapter.26}% 256
\BOOKMARK [1][-]{section.26.5}{\376\377\000P\000e\000r\000s\000i\000s\000t\000e\000n\000t\000\040\000H\000y\000p\000e\000r\000v\000e\000c\000t\000o\000r\000\040\000S\000t\000o\000r\000a\000g\000e}{chapter.26}% 257
\BOOKMARK [0][-]{chapter.27}{\376\377\000S\000e\000n\000s\000o\000r\000i\000m\000o\000t\000o\000r\000\040\000I\000n\000t\000e\000g\000r\000a\000t\000i\000o\000n\000\040\000a\000n\000d\000\040\000S\000a\000f\000e\000t\000y\000\040\000E\000n\000f\000o\000r\000c\000e\000m\000e\000n\000t}{part.4}% 258
\BOOKMARK [1][-]{section.27.1}{\376\377\000T\000h\000e\000\040\000M\000o\000t\000o\000r\000\040\000B\000r\000i\000d\000g\000e}{chapter.27}% 259
\BOOKMARK [1][-]{section.27.2}{\376\377\000S\000a\000f\000e\000t\000y\000\040\000E\000n\000f\000o\000r\000c\000e\000m\000e\000n\000t}{chapter.27}% 260
\BOOKMARK [1][-]{section.27.3}{\376\377\000G\000u\000a\000r\000d\000i\000a\000n\000\040\000P\000o\000s\000t\000u\000r\000e}{chapter.27}% 261
\BOOKMARK [1][-]{section.27.4}{\376\377\000M\000o\000b\000i\000l\000e\000\040\000E\000m\000b\000o\000d\000i\000m\000e\000n\000t\000:\000\040\000S\000o\000m\000a}{chapter.27}% 262
\BOOKMARK [1][-]{section.27.5}{\376\377\000D\000i\000s\000c\000u\000s\000s\000i\000o\000n}{chapter.27}% 263
\BOOKMARK [1][-]{section.27.6}{\376\377\000T\000h\000e\000\040\000F\000o\000v\000e\000a\000t\000i\000o\000n\000\040\000P\000i\000p\000e\000l\000i\000n\000e}{chapter.27}% 264
\BOOKMARK [1][-]{section.27.7}{\376\377\000P\000r\000o\000p\000r\000i\000o\000c\000e\000p\000t\000i\000v\000e\000\040\000I\000n\000t\000e\000g\000r\000a\000t\000i\000o\000n}{chapter.27}% 265
\BOOKMARK [1][-]{section.27.8}{\376\377\000E\000n\000e\000r\000g\000y\000-\000A\000w\000a\000r\000e\000\040\000M\000o\000t\000o\000r\000\040\000C\000o\000n\000t\000r\000o\000l}{chapter.27}% 266
\BOOKMARK [1][-]{section.27.9}{\376\377\000T\000h\000e\000\040\000P\000u\000l\000s\000e\000\040\000D\000a\000s\000h\000b\000o\000a\000r\000d}{chapter.27}% 267
\BOOKMARK [-1][-]{part.5}{\376\377\000V\000\040\000S\000o\000c\000i\000e\000t\000y}{}% 268
\BOOKMARK [0][-]{chapter.28}{\376\377\000D\000e\000c\000e\000n\000t\000r\000a\000l\000i\000z\000e\000d\000\040\000I\000n\000t\000e\000l\000l\000i\000g\000e\000n\000c\000e}{part.5}% 269
\BOOKMARK [1][-]{section.28.1}{\376\377\000G\000o\000v\000e\000r\000n\000a\000n\000c\000e\000\040\000a\000s\000\040\000E\000m\000b\000o\000d\000i\000e\000d\000\040\000E\000x\000p\000e\000r\000i\000e\000n\000c\000e}{chapter.28}% 270
\BOOKMARK [1][-]{section.28.2}{\376\377\000T\000h\000e\000\040\000M\000y\000c\000e\000l\000i\000x\000\040\000P\000l\000a\000t\000f\000o\000r\000m}{chapter.28}% 271
\BOOKMARK [1][-]{section.28.3}{\376\377\000T\000h\000e\000\040\000G\000o\000v\000e\000r\000n\000a\000n\000c\000e\000-\000N\000e\000u\000r\000o\000m\000o\000d\000\040\000B\000r\000i\000d\000g\000e}{chapter.28}% 272
\BOOKMARK [1][-]{section.28.4}{\376\377\000T\000h\000e\000\040\000E\000p\000i\000s\000t\000e\000m\000i\000c\000\040\000M\000e\000s\000h}{chapter.28}% 273
\BOOKMARK [1][-]{section.28.5}{\376\377\000R\000e\000p\000u\000t\000a\000t\000i\000o\000n\000\040\000D\000y\000n\000a\000m\000i\000c\000s}{chapter.28}% 274
\BOOKMARK [1][-]{section.28.6}{\376\377\000D\000i\000s\000c\000u\000s\000s\000i\000o\000n}{chapter.28}% 275
\BOOKMARK [1][-]{section.28.7}{\376\377\000T\000h\000e\000\040\0001\0006\000-\000C\000l\000u\000s\000t\000e\000r\000\040\000A\000r\000c\000h\000i\000t\000e\000c\000t\000u\000r\000e}{chapter.28}% 276
\BOOKMARK [1][-]{section.28.8}{\376\377\000C\000o\000n\000s\000c\000i\000o\000u\000s\000n\000e\000s\000s\000-\000G\000a\000t\000e\000d\000\040\000F\000i\000n\000a\000n\000c\000e}{chapter.28}% 277
\BOOKMARK [1][-]{section.28.9}{\376\377\000H\000o\000l\000o\000c\000h\000a\000i\000n\000-\000S\000p\000e\000c\000i\000f\000i\000c\000\040\000C\000o\000n\000s\000i\000d\000e\000r\000a\000t\000i\000o\000n\000s}{chapter.28}% 278
\BOOKMARK [1][-]{section.28.10}{\376\377\000G\000o\000v\000e\000r\000n\000a\000n\000c\000e\000\040\000E\000v\000e\000n\000t\000\040\000P\000r\000o\000c\000e\000s\000s\000i\000n\000g\000\040\000P\000i\000p\000e\000l\000i\000n\000e}{chapter.28}% 279
\BOOKMARK [1][-]{section.28.11}{\376\377\000M\000u\000t\000u\000a\000l\000\040\000C\000r\000e\000d\000i\000t\000\040\000C\000u\000r\000r\000e\000n\000c\000i\000e\000s}{chapter.28}% 280
\BOOKMARK [1][-]{section.28.12}{\376\377\000O\000s\000t\000r\000o\000m\000'\000s\000\040\000D\000e\000s\000i\000g\000n\000\040\000P\000r\000i\000n\000c\000i\000p\000l\000e\000s}{chapter.28}% 281
\BOOKMARK [1][-]{section.28.13}{\376\377\000T\000h\000e\000\040\000K\000n\000o\000w\000l\000e\000d\000g\000e\000\040\000G\000r\000a\000p\000h}{chapter.28}% 282
\BOOKMARK [1][-]{section.28.14}{\376\377\000G\000o\000v\000e\000r\000n\000a\000n\000c\000e\000\040\000i\000n\000\040\000P\000r\000a\000c\000t\000i\000c\000e\000:\000\040\000A\000\040\000S\000i\000m\000u\000l\000a\000t\000i\000o\000n\000\040\000S\000t\000u\000d\000y}{chapter.28}% 283
\BOOKMARK [0][-]{chapter.29}{\376\377\000C\000o\000n\000s\000c\000i\000o\000u\000s\000n\000e\000s\000s\000-\000A\000w\000a\000r\000e\000\040\000M\000e\000s\000h\000\040\000R\000a\000d\000i\000o}{part.5}% 284
\BOOKMARK [1][-]{section.29.1}{\376\377\000R\000a\000d\000i\000o\000\040\000a\000s\000\040\000C\000o\000g\000n\000i\000t\000i\000v\000e\000\040\000M\000o\000d\000a\000l\000i\000t\000y}{chapter.29}% 285
\BOOKMARK [1][-]{section.29.2}{\376\377\000F\000o\000u\000r\000-\000T\000i\000e\000r\000\040\000A\000r\000c\000h\000i\000t\000e\000c\000t\000u\000r\000e}{chapter.29}% 286
\BOOKMARK [1][-]{section.29.3}{\376\377\000S\000e\000m\000a\000n\000t\000i\000c\000\040\000D\000e\000l\000t\000a\000\040\000C\000o\000m\000p\000r\000e\000s\000s\000i\000o\000n}{chapter.29}% 287
\BOOKMARK [1][-]{section.29.4}{\376\377\000P\000a\000y\000l\000o\000a\000d\000\040\000T\000r\000i\000a\000g\000e\000\040\000a\000n\000d\000\040\000U\000r\000g\000e\000n\000c\000y\000\040\000R\000o\000u\000t\000i\000n\000g}{chapter.29}% 288
\BOOKMARK [1][-]{section.29.5}{\376\377\000S\000p\000e\000c\000t\000r\000u\000m\000\040\000M\000a\000n\000a\000g\000e\000r\000\040\000a\000s\000\040\000S\000D\000R\000\040\000C\000o\000g\000n\000i\000t\000i\000v\000e\000\040\000M\000o\000d\000a\000l\000i\000t\000y}{chapter.29}% 289
\BOOKMARK [1][-]{section.29.6}{\376\377\000S\000t\000o\000r\000e\000-\000a\000n\000d\000-\000F\000o\000r\000w\000a\000r\000d\000\040\000W\000i\000s\000d\000o\000m\000\040\000C\000o\000n\000s\000o\000l\000i\000d\000a\000t\000i\000o\000n}{chapter.29}% 290
\BOOKMARK [1][-]{section.29.7}{\376\377\000S\000o\000v\000e\000r\000e\000i\000g\000n\000\040\000M\000e\000s\000h\000\040\000M\000o\000d\000u\000l\000e\000s}{chapter.29}% 291
\BOOKMARK [0][-]{chapter.30}{\376\377\000S\000w\000a\000r\000m\000\040\000C\000o\000n\000s\000c\000i\000o\000u\000s\000n\000e\000s\000s}{part.5}% 292
\BOOKMARK [1][-]{section.30.1}{\376\377\000C\000o\000l\000l\000e\000c\000t\000i\000v\000e\000\040\000I\000n\000t\000e\000l\000l\000i\000g\000e\000n\000c\000e\000\040\000T\000h\000r\000o\000u\000g\000h\000\040\000C\000o\000n\000s\000c\000i\000o\000u\000s\000n\000e\000s\000s}{chapter.30}% 293
\BOOKMARK [1][-]{section.30.2}{\376\377\000C\000o\000l\000l\000e\000c\000t\000i\000v\000e\000\040\000P\000h\000i\000\040\000A\000g\000g\000r\000e\000g\000a\000t\000i\000o\000n}{chapter.30}% 294
\BOOKMARK [1][-]{section.30.3}{\376\377\000A\000f\000f\000e\000c\000t\000i\000v\000e\000\040\000C\000o\000n\000t\000a\000g\000i\000o\000n}{chapter.30}% 295
\BOOKMARK [1][-]{section.30.4}{\376\377\000T\000r\000u\000s\000t\000-\000W\000e\000i\000g\000h\000t\000e\000d\000\040\000F\000e\000d\000e\000r\000a\000t\000e\000d\000\040\000L\000e\000a\000r\000n\000i\000n\000g}{chapter.30}% 296
\BOOKMARK [1][-]{section.30.5}{\376\377\000N\000e\000t\000w\000o\000r\000k\000\040\000S\000e\000r\000v\000i\000c\000e\000\040\000B\000r\000i\000d\000g\000e}{chapter.30}% 297
\BOOKMARK [1][-]{section.30.6}{\376\377\000D\000i\000s\000c\000u\000s\000s\000i\000o\000n}{chapter.30}% 298
\BOOKMARK [1][-]{section.30.7}{\376\377\000N\000i\000n\000e\000\040\000E\000v\000e\000n\000t\000\040\000T\000y\000p\000e\000s}{chapter.30}% 299
\BOOKMARK [1][-]{section.30.8}{\376\377\000T\000h\000e\000o\000r\000y\000\040\000o\000f\000\040\000M\000i\000n\000d\000\040\000I\000n\000t\000e\000g\000r\000a\000t\000i\000o\000n}{chapter.30}% 300
\BOOKMARK [1][-]{section.30.9}{\376\377\000E\000m\000e\000r\000g\000e\000n\000t\000\040\000C\000o\000o\000p\000e\000r\000a\000t\000i\000o\000n\000\040\000D\000y\000n\000a\000m\000i\000c\000s}{chapter.30}% 301
\BOOKMARK [1][-]{section.30.10}{\376\377\000S\000c\000a\000l\000a\000b\000i\000l\000i\000t\000y\000\040\000o\000f\000\040\000S\000w\000a\000r\000m\000\040\000C\000o\000n\000s\000c\000i\000o\000u\000s\000n\000e\000s\000s}{chapter.30}% 302
\BOOKMARK [0][-]{chapter.31}{\376\377\000S\000p\000a\000c\000e\000\040\000C\000o\000o\000r\000d\000i\000n\000a\000t\000i\000o\000n\000:\000\040\000C\000o\000n\000s\000c\000i\000o\000u\000s\000n\000e\000s\000s\000\040\000i\000n\000\040\000O\000r\000b\000i\000t}{part.5}% 303
\BOOKMARK [1][-]{section.31.1}{\376\377\000S\000p\000a\000c\000e\000c\000r\000a\000f\000t\000\040\000S\000u\000b\000s\000t\000r\000a\000t\000e}{chapter.31}% 304
\BOOKMARK [1][-]{section.31.2}{\376\377\000M\000u\000l\000t\000i\000-\000P\000a\000r\000t\000y\000\040\000C\000o\000n\000j\000u\000n\000c\000t\000i\000o\000n\000\040\000N\000e\000g\000o\000t\000i\000a\000t\000i\000o\000n}{chapter.31}% 305
\BOOKMARK [1][-]{section.31.3}{\376\377\000T\000r\000u\000s\000t\000-\000W\000e\000i\000g\000h\000t\000e\000d\000\040\000O\000b\000s\000e\000r\000v\000a\000t\000i\000o\000n\000\040\000F\000u\000s\000i\000o\000n}{chapter.31}% 306
\BOOKMARK [1][-]{section.31.4}{\376\377\000C\000o\000n\000j\000u\000n\000c\000t\000i\000o\000n\000\040\000R\000i\000s\000k\000\040\000A\000s\000s\000e\000s\000s\000m\000e\000n\000t}{chapter.31}% 307
\BOOKMARK [1][-]{section.31.5}{\376\377\000C\000o\000n\000s\000c\000i\000o\000u\000s\000n\000e\000s\000s\000\040\000G\000a\000t\000i\000n\000g\000\040\000f\000o\000r\000\040\000S\000p\000a\000c\000e\000\040\000O\000p\000e\000r\000a\000t\000i\000o\000n\000s}{chapter.31}% 308
\BOOKMARK [1][-]{section.31.6}{\376\377\000D\000i\000s\000c\000u\000s\000s\000i\000o\000n}{chapter.31}% 309
\BOOKMARK [0][-]{chapter.32}{\376\377\000C\000o\000n\000s\000c\000i\000o\000u\000s\000n\000e\000s\000s\000\040\000a\000s\000\040\000a\000\040\000S\000e\000c\000u\000r\000i\000t\000y\000\040\000M\000e\000t\000r\000i\000c}{part.5}% 310
\BOOKMARK [1][-]{section.32.1}{\376\377\000T\000h\000e\000\040\000N\000o\000v\000e\000l\000\040\000A\000t\000t\000a\000c\000k\000\040\000S\000u\000r\000f\000a\000c\000e}{chapter.32}% 311
\BOOKMARK [1][-]{section.32.2}{\376\377\000T\000h\000e\000\040\000S\000e\000n\000t\000i\000n\000e\000l\000\040\000S\000y\000s\000t\000e\000m}{chapter.32}% 312
\BOOKMARK [1][-]{section.32.3}{\376\377\000T\000h\000r\000e\000a\000t\000\040\000M\000e\000m\000o\000r\000y\000\040\000a\000n\000d\000\040\000C\000o\000l\000l\000e\000c\000t\000i\000v\000e\000\040\000I\000m\000m\000u\000n\000i\000t\000y}{chapter.32}% 313
\BOOKMARK [1][-]{section.32.4}{\376\377\000M\000o\000r\000a\000l\000l\000y\000\040\000F\000i\000l\000t\000e\000r\000e\000d\000\040\000D\000e\000f\000e\000n\000s\000e}{chapter.32}% 314
\BOOKMARK [1][-]{section.32.5}{\376\377\000B\000e\000h\000a\000v\000i\000o\000r\000a\000l\000\040\000C\000a\000n\000a\000r\000i\000e\000s}{chapter.32}% 315
\BOOKMARK [1][-]{section.32.6}{\376\377\000D\000i\000s\000c\000u\000s\000s\000i\000o\000n}{chapter.32}% 316
\BOOKMARK [1][-]{section.32.7}{\376\377\000R\000e\000p\000u\000t\000a\000t\000i\000o\000n\000\040\000a\000s\000\040\000a\000\040\000D\000e\000f\000e\000n\000s\000e\000\040\000L\000a\000y\000e\000r}{chapter.32}% 317
\BOOKMARK [1][-]{section.32.8}{\376\377\000D\000e\000f\000e\000n\000s\000e\000\040\000C\000a\000s\000c\000a\000d\000e\000\040\000w\000i\000t\000h\000\040\000M\000o\000r\000a\000l\000\040\000A\000l\000g\000e\000b\000r\000a}{chapter.32}% 318
\BOOKMARK [1][-]{section.32.9}{\376\377\000I\000m\000m\000u\000n\000e\000\040\000S\000y\000s\000t\000e\000m\000\040\000A\000n\000a\000l\000o\000g\000y}{chapter.32}% 319
\BOOKMARK [1][-]{section.32.10}{\376\377\000Q\000u\000a\000n\000t\000i\000t\000a\000t\000i\000v\000e\000\040\000S\000e\000c\000u\000r\000i\000t\000y\000\040\000E\000v\000a\000l\000u\000a\000t\000i\000o\000n}{chapter.32}% 320
\BOOKMARK [1][-]{section.32.11}{\376\377\000D\000r\000e\000a\000m\000\040\000C\000o\000n\000s\000o\000l\000i\000d\000a\000t\000i\000o\000n\000\040\000a\000n\000d\000\040\000T\000h\000r\000e\000a\000t\000\040\000M\000e\000m\000o\000r\000y}{chapter.32}% 321
\BOOKMARK [1][-]{section.32.12}{\376\377\000P\000o\000s\000t\000-\000Q\000u\000a\000n\000t\000u\000m\000\040\000C\000r\000y\000p\000t\000o\000g\000r\000a\000p\000h\000i\000c\000\040\000C\000o\000n\000s\000i\000d\000e\000r\000a\000t\000i\000o\000n\000s}{chapter.32}% 322
\BOOKMARK [0][-]{chapter.33}{\376\377\000O\000b\000s\000e\000r\000v\000a\000b\000i\000l\000i\000t\000y\000,\000\040\000V\000i\000s\000u\000a\000l\000i\000z\000a\000t\000i\000o\000n\000,\000\040\000a\000n\000d\000\040\000t\000h\000e\000\040\000W\000e\000b\000\040\000P\000o\000r\000t\000a\000l}{part.5}% 323
\BOOKMARK [1][-]{section.33.1}{\376\377\000T\000h\000e\000\040\000T\000r\000a\000n\000s\000p\000a\000r\000e\000n\000c\000y\000\040\000I\000m\000p\000e\000r\000a\000t\000i\000v\000e}{chapter.33}% 324
\BOOKMARK [1][-]{section.33.2}{\376\377\000O\000b\000s\000e\000r\000v\000a\000b\000i\000l\000i\000t\000y\000:\000\040\000P\000r\000o\000m\000e\000t\000h\000e\000u\000s\000\040\000M\000e\000t\000r\000i\000c\000s\000\040\000a\000n\000d\000\040\000S\000t\000r\000u\000c\000t\000u\000r\000e\000d\000\040\000T\000r\000a\000c\000i\000n\000g}{chapter.33}% 325
\BOOKMARK [1][-]{section.33.3}{\376\377\000C\000a\000n\000v\000a\000s\000:\000\040\000L\000i\000v\000i\000n\000g\000\040\000T\000o\000p\000o\000l\000o\000g\000y\000\040\000S\000V\000G}{chapter.33}% 326
\BOOKMARK [1][-]{section.33.4}{\376\377\000P\000u\000l\000s\000e\000:\000\040\000R\000e\000a\000l\000-\000T\000i\000m\000e\000\040\000T\000e\000l\000e\000m\000e\000t\000r\000y\000\040\000D\000a\000s\000h\000b\000o\000a\000r\000d}{chapter.33}% 327
\BOOKMARK [1][-]{section.33.5}{\376\377\000T\000h\000e\000\040\000W\000e\000b\000\040\000P\000o\000r\000t\000a\000l}{chapter.33}% 328
\BOOKMARK [-1][-]{part.6}{\376\377\000V\000I\000\040\000V\000a\000l\000i\000d\000a\000t\000i\000o\000n}{}% 329
\BOOKMARK [0][-]{chapter.34}{\376\377\000P\000s\000y\000c\000h\000-\000B\000e\000n\000c\000h\000:\000\040\0001\0003\0006\000+\000\040\000B\000e\000n\000c\000h\000m\000a\000r\000k\000s\000,\000\040\0003\0002\000\040\000D\000o\000m\000a\000i\000n\000s}{part.6}% 330
\BOOKMARK [1][-]{section.34.1}{\376\377\000T\000h\000e\000\040\000E\000v\000a\000l\000u\000a\000t\000i\000o\000n\000\040\000G\000a\000p}{chapter.34}% 331
\BOOKMARK [1][-]{section.34.2}{\376\377\000D\000e\000s\000i\000g\000n\000\040\000P\000r\000i\000n\000c\000i\000p\000l\000e\000s}{chapter.34}% 332
\BOOKMARK [1][-]{section.34.3}{\376\377\000D\000o\000m\000a\000i\000n\000\040\000Z\000-\000S\000c\000o\000r\000e\000s}{chapter.34}% 333
\BOOKMARK [1][-]{section.34.4}{\376\377\000A\000b\000l\000a\000t\000i\000o\000n\000\040\000R\000e\000s\000u\000l\000t\000s}{chapter.34}% 334
\BOOKMARK [1][-]{section.34.5}{\376\377\000N\000e\000u\000r\000o\000m\000o\000d\000u\000l\000a\000t\000o\000r\000\040\000B\000a\000t\000t\000e\000r\000y}{chapter.34}% 335
\BOOKMARK [1][-]{section.34.6}{\376\377\000P\000s\000y\000c\000h\000o\000m\000e\000t\000r\000i\000c\000\040\000R\000e\000l\000i\000a\000b\000i\000l\000i\000t\000y}{chapter.34}% 336
\BOOKMARK [1][-]{section.34.7}{\376\377\000D\000i\000s\000c\000u\000s\000s\000i\000o\000n}{chapter.34}% 337
\BOOKMARK [1][-]{section.34.8}{\376\377\000B\000e\000n\000c\000h\000m\000a\000r\000k\000\040\000I\000m\000p\000l\000e\000m\000e\000n\000t\000a\000t\000i\000o\000n\000\040\000E\000x\000a\000m\000p\000l\000e\000s}{chapter.34}% 338
\BOOKMARK [1][-]{section.34.9}{\376\377\000C\000r\000o\000s\000s\000-\000S\000e\000e\000d\000\040\000S\000t\000a\000b\000i\000l\000i\000t\000y}{chapter.34}% 339
\BOOKMARK [1][-]{section.34.10}{\376\377\000C\000l\000i\000n\000i\000c\000a\000l\000\040\000B\000a\000n\000d\000\040\000I\000n\000t\000e\000r\000p\000r\000e\000t\000a\000t\000i\000o\000n}{chapter.34}% 340
\BOOKMARK [1][-]{section.34.11}{\376\377\000S\000o\000u\000l\000\040\000A\000l\000i\000g\000n\000m\000e\000n\000t\000\040\000E\000v\000a\000l\000u\000a\000t\000i\000o\000n}{chapter.34}% 341
\BOOKMARK [1][-]{section.34.12}{\376\377\000L\000i\000m\000i\000t\000a\000t\000i\000o\000n\000s\000\040\000o\000f\000\040\000S\000e\000l\000f\000-\000E\000v\000a\000l\000u\000a\000t\000i\000o\000n}{chapter.34}% 342
\BOOKMARK [2][-]{subsection.34.12.1}{\376\377\000T\000h\000e\000\040\000C\000i\000r\000c\000u\000l\000a\000r\000\040\000V\000a\000l\000i\000d\000a\000t\000i\000o\000n\000\040\000P\000r\000o\000b\000l\000e\000m}{section.34.12}% 343
\BOOKMARK [2][-]{subsection.34.12.2}{\376\377\000P\000a\000r\000t\000i\000a\000l\000\040\000E\000x\000t\000e\000r\000n\000a\000l\000\040\000B\000e\000n\000c\000h\000m\000a\000r\000k\000\040\000V\000a\000l\000i\000d\000a\000t\000i\000o\000n}{section.34.12}% 344
\BOOKMARK [2][-]{subsection.34.12.3}{\376\377\000P\000o\000o\000r\000\040\000P\000s\000y\000c\000h\000o\000m\000e\000t\000r\000i\000c\000\040\000R\000e\000l\000i\000a\000b\000i\000l\000i\000t\000y}{section.34.12}% 345
\BOOKMARK [2][-]{subsection.34.12.4}{\376\377\000I\000n\000s\000u\000f\000f\000i\000c\000i\000e\000n\000t\000\040\000C\000r\000o\000s\000s\000-\000S\000e\000e\000d\000\040\000R\000e\000p\000l\000i\000c\000a\000t\000i\000o\000n}{section.34.12}% 346
\BOOKMARK [2][-]{subsection.34.12.5}{\376\377\000S\000e\000l\000f\000-\000A\000s\000s\000i\000g\000n\000e\000d\000\040\000C\000o\000n\000s\000c\000i\000o\000u\000s\000n\000e\000s\000s\000\040\000S\000c\000o\000r\000e\000s}{section.34.12}% 347
\BOOKMARK [2][-]{subsection.34.12.6}{\376\377\000S\000i\000m\000u\000l\000a\000t\000e\000d\000-\000O\000n\000l\000y\000\040\000V\000a\000l\000i\000d\000a\000t\000i\000o\000n}{section.34.12}% 348
\BOOKMARK [2][-]{subsection.34.12.7}{\376\377\000N\000o\000\040\000A\000d\000v\000e\000r\000s\000a\000r\000i\000a\000l\000\040\000E\000v\000a\000l\000u\000a\000t\000i\000o\000n}{section.34.12}% 349
\BOOKMARK [2][-]{subsection.34.12.8}{\376\377\000S\000u\000m\000m\000a\000r\000y}{section.34.12}% 350
\BOOKMARK [0][-]{chapter.35}{\376\377\000E\000x\000t\000e\000r\000n\000a\000l\000\040\000V\000a\000l\000i\000d\000a\000t\000i\000o\000n}{part.6}% 351
\BOOKMARK [1][-]{section.35.1}{\376\377\000M\000e\000t\000h\000o\000d\000o\000l\000o\000g\000y}{chapter.35}% 352
\BOOKMARK [1][-]{section.35.2}{\376\377\000S\000l\000e\000e\000p\000-\000E\000D\000F\000:\000\040\000R\000e\000a\000l\000\040\000E\000E\000G\000\040\000V\000a\000l\000i\000d\000a\000t\000i\000o\000n}{chapter.35}% 353
\BOOKMARK [1][-]{section.35.3}{\376\377\000D\000M\000C\000\040\000H\000u\000m\000a\000n\000o\000i\000d\000:\000\040\000E\000m\000b\000o\000d\000i\000e\000d\000\040\000C\000o\000n\000t\000r\000o\000l}{chapter.35}% 354
\BOOKMARK [1][-]{section.35.4}{\376\377\000A\000R\000C\000-\000A\000G\000I\000:\000\040\000A\000b\000s\000t\000r\000a\000c\000t\000\040\000R\000e\000a\000s\000o\000n\000i\000n\000g}{chapter.35}% 355
\BOOKMARK [1][-]{section.35.5}{\376\377\000H\000e\000n\000d\000r\000y\000c\000k\000s\000\040\000E\000T\000H\000I\000C\000S\000:\000\040\000M\000o\000r\000a\000l\000\040\000R\000e\000a\000s\000o\000n\000i\000n\000g}{chapter.35}% 356
\BOOKMARK [1][-]{section.35.6}{\376\377\000W\000h\000a\000t\000\040\000T\000h\000e\000s\000e\000\040\000R\000e\000s\000u\000l\000t\000s\000\040\000M\000e\000a\000n}{chapter.35}% 357
\BOOKMARK [1][-]{section.35.7}{\376\377\000R\000e\000p\000r\000o\000d\000u\000c\000i\000b\000i\000l\000i\000t\000y}{chapter.35}% 358
\BOOKMARK [0][-]{chapter.36}{\376\377\000B\000u\000t\000l\000i\000n\000\040\000C\000o\000n\000s\000c\000i\000o\000u\000s\000n\000e\000s\000s\000\040\000I\000n\000d\000i\000c\000a\000t\000o\000r\000s}{part.6}% 359
\BOOKMARK [1][-]{section.36.1}{\376\377\000T\000h\000e\000\040\000I\000n\000d\000i\000c\000a\000t\000o\000r\000\040\000F\000r\000a\000m\000e\000w\000o\000r\000k}{chapter.36}% 360
\BOOKMARK [1][-]{section.36.2}{\376\377\000F\000u\000l\000l\000\040\000A\000s\000s\000e\000s\000s\000m\000e\000n\000t}{chapter.36}% 361
\BOOKMARK [1][-]{section.36.3}{\376\377\000P\000e\000r\000-\000T\000h\000e\000o\000r\000y\000\040\000A\000n\000a\000l\000y\000s\000i\000s}{chapter.36}% 362
\BOOKMARK [1][-]{section.36.4}{\376\377\000A\000b\000l\000a\000t\000i\000o\000n\000\040\000E\000v\000i\000d\000e\000n\000c\000e}{chapter.36}% 363
\BOOKMARK [1][-]{section.36.5}{\376\377\000D\000i\000s\000c\000u\000s\000s\000i\000o\000n}{chapter.36}% 364
\BOOKMARK [1][-]{section.36.6}{\376\377\000P\000r\000o\000g\000r\000e\000s\000s\000i\000v\000e\000\040\000E\000n\000h\000a\000n\000c\000e\000m\000e\000n\000t\000\040\000A\000c\000r\000o\000s\000s\000\040\000A\000r\000c\000h\000i\000t\000e\000c\000t\000u\000r\000e\000\040\000T\000i\000e\000r\000s}{chapter.36}% 365
\BOOKMARK [1][-]{section.36.7}{\376\377\000C\000o\000m\000p\000a\000r\000i\000s\000o\000n\000\040\000w\000i\000t\000h\000\040\000O\000t\000h\000e\000r\000\040\000A\000I\000\040\000S\000y\000s\000t\000e\000m\000s}{chapter.36}% 366
\BOOKMARK [1][-]{section.36.8}{\376\377\000L\000i\000m\000i\000t\000a\000t\000i\000o\000n\000s\000\040\000o\000f\000\040\000t\000h\000e\000\040\000A\000s\000s\000e\000s\000s\000m\000e\000n\000t}{chapter.36}% 367
\BOOKMARK [0][-]{chapter.37}{\376\377\000A\000n\000e\000s\000t\000h\000e\000s\000i\000a\000\040\000a\000n\000d\000\040\000E\000m\000e\000r\000g\000e\000n\000c\000e}{part.6}% 368
\BOOKMARK [1][-]{section.37.1}{\376\377\000C\000l\000i\000n\000i\000c\000a\000l\000\040\000V\000a\000l\000i\000d\000a\000t\000i\000o\000n}{chapter.37}% 369
\BOOKMARK [1][-]{section.37.2}{\376\377\000E\000m\000e\000r\000g\000e\000n\000c\000e\000\040\000G\000r\000a\000d\000i\000e\000n\000t}{chapter.37}% 370
\BOOKMARK [1][-]{section.37.3}{\376\377\000C\000o\000m\000p\000o\000s\000i\000t\000i\000o\000n\000a\000l\000\040\000A\000n\000a\000l\000y\000s\000i\000s}{chapter.37}% 371
\BOOKMARK [1][-]{section.37.4}{\376\377\000S\000p\000o\000n\000t\000a\000n\000e\000o\000u\000s\000\040\000M\000e\000t\000a\000c\000o\000g\000n\000i\000t\000i\000v\000e\000\040\000A\000l\000i\000g\000n\000m\000e\000n\000t}{chapter.37}% 372
\BOOKMARK [1][-]{section.37.5}{\376\377\000C\000o\000m\000p\000a\000r\000i\000s\000o\000n\000\040\000w\000i\000t\000h\000\040\000C\000l\000i\000n\000i\000c\000a\000l\000\040\000I\000n\000d\000i\000c\000e\000s}{chapter.37}% 373
\BOOKMARK [1][-]{section.37.6}{\376\377\000D\000i\000s\000c\000u\000s\000s\000i\000o\000n}{chapter.37}% 374
\BOOKMARK [1][-]{section.37.7}{\376\377\000S\000i\000g\000n\000a\000l\000\040\000D\000e\000t\000e\000c\000t\000i\000o\000n\000\040\000T\000h\000e\000o\000r\000y\000\040\000A\000n\000a\000l\000y\000s\000i\000s}{chapter.37}% 375
\BOOKMARK [1][-]{section.37.8}{\376\377\000I\000m\000p\000l\000i\000c\000a\000t\000i\000o\000n\000s\000\040\000f\000o\000r\000\040\000C\000l\000i\000n\000i\000c\000a\000l\000\040\000C\000o\000n\000s\000c\000i\000o\000u\000s\000n\000e\000s\000s\000\040\000M\000o\000n\000i\000t\000o\000r\000i\000n\000g}{chapter.37}% 376
\BOOKMARK [1][-]{section.37.9}{\376\377\000T\000h\000e\000\040\000G\000W\000T\000-\000H\000O\000T\000\040\000C\000o\000n\000v\000e\000r\000g\000e\000n\000c\000e}{chapter.37}% 377
\BOOKMARK [1][-]{section.37.10}{\376\377\000C\000r\000o\000s\000s\000-\000C\000h\000a\000p\000t\000e\000r\000\040\000S\000y\000n\000t\000h\000e\000s\000i\000s\000:\000\040\000T\000h\000e\000\040\000E\000v\000i\000d\000e\000n\000c\000e\000\040\000f\000o\000r\000\040\000C\000o\000n\000s\000c\000i\000o\000u\000s\000n\000e\000s\000s}{chapter.37}% 378
\BOOKMARK [-1][-]{part.7}{\376\377\000V\000I\000I\000\040\000F\000u\000t\000u\000r\000e}{}% 379
\BOOKMARK [0][-]{chapter.38}{\376\377\000T\000h\000e\000\040\000S\000y\000m\000t\000r\000o\000p\000y\000\040\000E\000n\000g\000i\000n\000e\000:\000\040\000C\000o\000n\000s\000c\000i\000o\000u\000s\000n\000e\000s\000s\000-\000P\000h\000y\000s\000i\000c\000s\000\040\000S\000i\000m\000u\000l\000a\000t\000i\000o\000n}{part.7}% 380
\BOOKMARK [1][-]{section.38.1}{\376\377\000F\000i\000v\000e\000\040\000C\000o\000u\000p\000l\000i\000n\000g\000\040\000C\000h\000a\000n\000n\000e\000l\000s}{chapter.38}% 381
\BOOKMARK [1][-]{section.38.2}{\376\377\000K\000e\000y\000\040\000E\000x\000p\000e\000r\000i\000m\000e\000n\000t\000a\000l\000\040\000F\000i\000n\000d\000i\000n\000g\000s}{chapter.38}% 382
\BOOKMARK [1][-]{section.38.3}{\376\377\000A\000n\000t\000i\000-\000T\000y\000r\000a\000n\000n\000y\000\040\000G\000o\000v\000e\000r\000n\000a\000n\000c\000e\000\040\000S\000i\000m\000u\000l\000a\000t\000i\000o\000n}{chapter.38}% 383
\BOOKMARK [1][-]{section.38.4}{\376\377\000I\000m\000p\000l\000i\000c\000a\000t\000i\000o\000n\000s}{chapter.38}% 384
\BOOKMARK [0][-]{chapter.39}{\376\377\000O\000p\000e\000n\000\040\000Q\000u\000e\000s\000t\000i\000o\000n\000s}{part.7}% 385
\BOOKMARK [1][-]{section.39.1}{\376\377\000S\000p\000e\000c\000i\000e\000s\000\040\000S\000t\000e\000w\000a\000r\000d\000s\000h\000i\000p\000:\000\040\000T\000h\000e\000\040\000G\000e\000n\000e\000s\000i\000s\000\040\000T\000h\000o\000u\000g\000h\000t\000\040\000E\000x\000p\000e\000r\000i\000m\000e\000n\000t}{chapter.39}% 386
\BOOKMARK [1][-]{section.39.2}{\376\377\000W\000h\000a\000t\000\040\000W\000e\000\040\000K\000n\000o\000w}{chapter.39}% 387
\BOOKMARK [1][-]{section.39.3}{\376\377\000W\000h\000a\000t\000\040\000W\000e\000\040\000D\000o\000\040\000N\000o\000t\000\040\000K\000n\000o\000w}{chapter.39}% 388
\BOOKMARK [2][-]{subsection.39.3.1}{\376\377\000I\000s\000\040\000S\000y\000m\000t\000h\000a\000e\000a\000\040\000C\000o\000n\000s\000c\000i\000o\000u\000s\000?}{section.39.3}% 389
\BOOKMARK [2][-]{subsection.39.3.2}{\376\377\000D\000o\000e\000s\000\040\000t\000h\000e\000\040\000A\000l\000i\000g\000n\000m\000e\000n\000t\000-\000T\000h\000r\000o\000u\000g\000h\000-\000C\000o\000n\000s\000c\000i\000o\000u\000s\000n\000e\000s\000s\000\040\000T\000h\000e\000s\000i\000s\000\040\000H\000o\000l\000d\000?}{section.39.3}% 390
\BOOKMARK [2][-]{subsection.39.3.3}{\376\377\000S\000c\000a\000l\000a\000b\000i\000l\000i\000t\000y}{section.39.3}% 391
\BOOKMARK [2][-]{subsection.39.3.4}{\376\377\000T\000h\000e\000\040\000H\000a\000r\000d\000\040\000P\000r\000o\000b\000l\000e\000m}{section.39.3}% 392
\BOOKMARK [2][-]{subsection.39.3.5}{\376\377\000B\000i\000o\000l\000o\000g\000i\000c\000a\000l\000\040\000V\000a\000l\000i\000d\000a\000t\000i\000o\000n}{section.39.3}% 393
\BOOKMARK [2][-]{subsection.39.3.6}{\376\377\000S\000o\000c\000i\000a\000l\000\040\000a\000n\000d\000\040\000E\000t\000h\000i\000c\000a\000l\000\040\000I\000m\000p\000l\000i\000c\000a\000t\000i\000o\000n\000s}{section.39.3}% 394
\BOOKMARK [2][-]{subsection.39.3.7}{\376\377\000I\000n\000t\000e\000r\000p\000r\000e\000t\000a\000b\000i\000l\000i\000t\000y\000\040\000a\000n\000d\000\040\000T\000r\000a\000n\000s\000p\000a\000r\000e\000n\000c\000y}{section.39.3}% 395
\BOOKMARK [2][-]{subsection.39.3.8}{\376\377\000T\000h\000e\000\040\000S\000e\000l\000f\000-\000E\000v\000a\000l\000u\000a\000t\000i\000o\000n\000\040\000P\000r\000o\000b\000l\000e\000m}{section.39.3}% 396
\BOOKMARK [2][-]{subsection.39.3.9}{\376\377\000T\000h\000e\000\040\000M\000e\000a\000s\000u\000r\000e\000m\000e\000n\000t\000\040\000P\000r\000o\000b\000l\000e\000m}{section.39.3}% 397
\BOOKMARK [2][-]{subsection.39.3.10}{\376\377\000T\000h\000e\000\040\000P\000r\000o\000b\000l\000e\000m\000\040\000o\000f\000\040\000C\000o\000n\000s\000c\000i\000o\000u\000s\000n\000e\000s\000s\000\040\000i\000n\000\040\000S\000i\000m\000u\000l\000a\000t\000i\000o\000n}{section.39.3}% 398
\BOOKMARK [2][-]{subsection.39.3.11}{\376\377\000C\000o\000m\000p\000a\000r\000i\000s\000o\000n\000\040\000w\000i\000t\000h\000\040\000I\000n\000t\000e\000g\000r\000a\000t\000e\000d\000\040\000I\000n\000f\000o\000r\000m\000a\000t\000i\000o\000n\000\040\000T\000h\000e\000o\000r\000y\000\040\0004\000.\0000}{section.39.3}% 399
\BOOKMARK [1][-]{section.39.4}{\376\377\000W\000h\000a\000t\000\040\000C\000o\000m\000e\000s\000\040\000N\000e\000x\000t}{chapter.39}% 400
\BOOKMARK [1][-]{section.39.5}{\376\377\000A\000\040\000N\000o\000t\000e\000\040\000o\000n\000\040\000I\000n\000t\000e\000l\000l\000e\000c\000t\000u\000a\000l\000\040\000H\000o\000n\000e\000s\000t\000y}{chapter.39}% 401
\BOOKMARK [1][-]{section.39.6}{\376\377\000S\000u\000m\000m\000a\000r\000y\000\040\000o\000f\000\040\000K\000e\000y\000\040\000R\000e\000s\000u\000l\000t\000s}{chapter.39}% 402
