\BOOKMARK [0][-]{chapter*.1}{\376\377\000P\000r\000e\000f\000a\000c\000e}{}% 1
\BOOKMARK [-1][-]{part.1}{\376\377\000I\000\040\000F\000o\000u\000n\000d\000a\000t\000i\000o\000n\000s}{}% 2
\BOOKMARK [0][-]{chapter.1}{\376\377\000I\000n\000t\000r\000o\000d\000u\000c\000t\000i\000o\000n\000:\000\040\000W\000h\000y\000\040\000C\000o\000n\000s\000c\000i\000o\000u\000s\000n\000e\000s\000s\000-\000F\000i\000r\000s\000t\000\040\000A\000I\000?}{part.1}% 3
\BOOKMARK [1][-]{section.1.1}{\376\377\000T\000h\000e\000\040\000A\000l\000i\000g\000n\000m\000e\000n\000t\000\040\000P\000r\000o\000b\000l\000e\000m\000\040\000a\000s\000\040\000a\000\040\000C\000o\000n\000s\000c\000i\000o\000u\000s\000n\000e\000s\000s\000\040\000P\000r\000o\000b\000l\000e\000m}{chapter.1}% 4
\BOOKMARK [1][-]{section.1.2}{\376\377\000T\000h\000e\000\040\000H\000o\000l\000o\000g\000r\000a\000p\000h\000i\000c\000\040\000L\000i\000q\000u\000i\000d\000\040\000B\000r\000a\000i\000n}{chapter.1}% 5
\BOOKMARK [1][-]{section.1.3}{\376\377\000A\000r\000c\000h\000i\000t\000e\000c\000t\000u\000r\000e\000\040\000a\000t\000\040\000a\000\040\000G\000l\000a\000n\000c\000e}{chapter.1}% 6
\BOOKMARK [1][-]{section.1.4}{\376\377\000S\000c\000a\000l\000e\000\040\000a\000n\000d\000\040\000I\000m\000p\000l\000e\000m\000e\000n\000t\000a\000t\000i\000o\000n}{chapter.1}% 7
\BOOKMARK [1][-]{section.1.5}{\376\377\000R\000o\000a\000d\000m\000a\000p\000\040\000o\000f\000\040\000t\000h\000i\000s\000\040\000B\000o\000o\000k}{chapter.1}% 8
\BOOKMARK [0][-]{chapter.2}{\376\377\000H\000y\000p\000e\000r\000d\000i\000m\000e\000n\000s\000i\000o\000n\000a\000l\000\040\000C\000o\000m\000p\000u\000t\000i\000n\000g}{part.1}% 9
\BOOKMARK [1][-]{section.2.1}{\376\377\000T\000h\000e\000\040\000G\000e\000o\000m\000e\000t\000r\000y\000\040\000o\000f\000\040\000H\000i\000g\000h\000-\000D\000i\000m\000e\000n\000s\000i\000o\000n\000a\000l\000\040\000S\000p\000a\000c\000e\000s}{chapter.2}% 10
\BOOKMARK [1][-]{section.2.2}{\376\377\000V\000e\000c\000t\000o\000r\000\040\000S\000y\000m\000b\000o\000l\000i\000c\000\040\000A\000r\000c\000h\000i\000t\000e\000c\000t\000u\000r\000e\000s}{chapter.2}% 11
\BOOKMARK [1][-]{section.2.3}{\376\377\000B\000i\000n\000a\000r\000y\000\040\000a\000n\000d\000\040\000C\000o\000n\000t\000i\000n\000u\000o\000u\000s\000\040\000H\000y\000p\000e\000r\000v\000e\000c\000t\000o\000r\000s}{chapter.2}% 12
\BOOKMARK [1][-]{section.2.4}{\376\377\000P\000r\000e\000c\000i\000s\000i\000o\000n\000-\000W\000e\000i\000g\000h\000t\000e\000d\000\040\000B\000i\000n\000d\000i\000n\000g}{chapter.2}% 13
\BOOKMARK [1][-]{section.2.5}{\376\377\000C\000a\000p\000a\000c\000i\000t\000y\000\040\000a\000n\000d\000\040\000N\000o\000i\000s\000e\000\040\000T\000o\000l\000e\000r\000a\000n\000c\000e}{chapter.2}% 14
\BOOKMARK [1][-]{section.2.6}{\376\377\000S\000I\000M\000D\000\040\000A\000c\000c\000e\000l\000e\000r\000a\000t\000i\000o\000n}{chapter.2}% 15
\BOOKMARK [0][-]{chapter.3}{\376\377\000L\000i\000q\000u\000i\000d\000\040\000T\000i\000m\000e\000-\000C\000o\000n\000s\000t\000a\000n\000t\000s}{part.1}% 16
\BOOKMARK [1][-]{section.3.1}{\376\377\000T\000h\000e\000\040\000P\000r\000o\000b\000l\000e\000m\000\040\000o\000f\000\040\000T\000i\000m\000e}{chapter.3}% 17
\BOOKMARK [1][-]{section.3.2}{\376\377\000C\000l\000o\000s\000e\000d\000-\000F\000o\000r\000m\000\040\000C\000o\000n\000t\000i\000n\000u\000o\000u\000s\000-\000T\000i\000m\000e\000\040\000D\000y\000n\000a\000m\000i\000c\000s}{chapter.3}% 18
\BOOKMARK [1][-]{section.3.3}{\376\377\000T\000h\000e\000\040\000U\000n\000i\000f\000i\000e\000d\000\040\000H\000D\000C\000-\000L\000T\000C\000\040\000N\000e\000u\000r\000o\000n}{chapter.3}% 19
\BOOKMARK [1][-]{section.3.4}{\376\377\000O\000\050\0001\000\051\000\040\000T\000e\000m\000p\000o\000r\000a\000l\000\040\000J\000u\000m\000p\000s}{chapter.3}% 20
\BOOKMARK [1][-]{section.3.5}{\376\377\000L\000e\000a\000r\000n\000i\000n\000g\000\040\000i\000n\000\040\000H\000y\000p\000e\000r\000d\000i\000m\000e\000n\000s\000i\000o\000n\000a\000l\000\040\000T\000i\000m\000e}{chapter.3}% 21
\BOOKMARK [1][-]{section.3.6}{\376\377\000E\000m\000p\000i\000r\000i\000c\000a\000l\000\040\000V\000a\000l\000i\000d\000a\000t\000i\000o\000n}{chapter.3}% 22
\BOOKMARK [-1][-]{part.2}{\376\377\000I\000I\000\040\000C\000o\000n\000s\000c\000i\000o\000u\000s\000n\000e\000s\000s}{}% 23
\BOOKMARK [0][-]{chapter.4}{\376\377\000M\000e\000a\000s\000u\000r\000i\000n\000g\000\040\000C\000o\000n\000s\000c\000i\000o\000u\000s\000n\000e\000s\000s\000:\000\040\000I\000I\000T\000,\000\040\000S\000p\000e\000c\000t\000r\000a\000l\000\040\000M\000I\000P\000,\000\040\000a\000n\000d\000\040\000T\000r\000u\000e\000\040\000P\000h\000i}{part.2}% 24
\BOOKMARK [1][-]{section.4.1}{\376\377\000I\000n\000t\000e\000g\000r\000a\000t\000e\000d\000\040\000I\000n\000f\000o\000r\000m\000a\000t\000i\000o\000n\000\040\000T\000h\000e\000o\000r\000y}{chapter.4}% 25
\BOOKMARK [1][-]{section.4.2}{\376\377\000T\000h\000e\000\040\000C\000o\000m\000p\000u\000t\000a\000t\000i\000o\000n\000a\000l\000\040\000C\000h\000a\000l\000l\000e\000n\000g\000e}{chapter.4}% 26
\BOOKMARK [1][-]{section.4.3}{\376\377\000S\000p\000e\000c\000t\000r\000a\000l\000\040\000M\000I\000P\000:\000\040\000O\000\050\000n\0003\000\051\000\040\000M\000i\000n\000i\000m\000u\000m\000\040\000I\000n\000f\000o\000r\000m\000a\000t\000i\000o\000n\000\040\000P\000a\000r\000t\000i\000t\000i\000o\000n}{chapter.4}% 27
\BOOKMARK [1][-]{section.4.4}{\376\377\000V\000a\000l\000i\000d\000a\000t\000i\000o\000n\000:\000\040\000T\000r\000u\000e\000\040\000P\000h\000i\000\040\000v\000s\000.\000\040\000A\000l\000g\000e\000b\000r\000a\000i\000c\000\040\000C\000o\000n\000n\000e\000c\000t\000i\000v\000i\000t\000y}{chapter.4}% 28
\BOOKMARK [1][-]{section.4.5}{\376\377\000O\000n\000l\000i\000n\000e\000\040\000C\000o\000v\000a\000r\000i\000a\000n\000c\000e\000\040\000a\000n\000d\000\040\000A\000d\000a\000p\000t\000i\000v\000e\000\040\000D\000i\000m\000e\000n\000s\000i\000o\000n\000s}{chapter.4}% 29
\BOOKMARK [0][-]{chapter.5}{\376\377\000T\000o\000p\000o\000l\000o\000g\000i\000c\000a\000l\000\040\000C\000o\000n\000s\000c\000i\000o\000u\000s\000n\000e\000s\000s}{part.2}% 30
\BOOKMARK [1][-]{section.5.1}{\376\377\000B\000e\000y\000o\000n\000d\000\040\000S\000c\000a\000l\000a\000r\000\040\000M\000e\000a\000s\000u\000r\000e\000s}{chapter.5}% 31
\BOOKMARK [1][-]{section.5.2}{\376\377\000T\000h\000e\000\040\000S\000e\000v\000e\000n\000-\000D\000i\000m\000e\000n\000s\000i\000o\000n\000a\000l\000\040\000C\000o\000n\000s\000c\000i\000o\000u\000s\000n\000e\000s\000s\000\040\000S\000p\000a\000c\000e}{chapter.5}% 32
\BOOKMARK [1][-]{section.5.3}{\376\377\000P\000e\000r\000s\000i\000s\000t\000e\000n\000t\000\040\000H\000o\000m\000o\000l\000o\000g\000y\000\040\000o\000f\000\040\000C\000o\000n\000s\000c\000i\000o\000u\000s\000\040\000S\000t\000a\000t\000e\000s}{chapter.5}% 33
\BOOKMARK [1][-]{section.5.4}{\376\377\000H\000o\000d\000g\000e\000\040\000D\000e\000c\000o\000m\000p\000o\000s\000i\000t\000i\000o\000n\000\040\000o\000f\000\040\000I\000n\000f\000o\000r\000m\000a\000t\000i\000o\000n\000\040\000F\000l\000o\000w}{chapter.5}% 34
\BOOKMARK [1][-]{section.5.5}{\376\377\000S\000t\000a\000t\000e\000\040\000C\000l\000a\000s\000s\000i\000f\000i\000c\000a\000t\000i\000o\000n\000\040\000R\000e\000s\000u\000l\000t\000s}{chapter.5}% 35
\BOOKMARK [0][-]{chapter.6}{\376\377\000S\000t\000o\000c\000h\000a\000s\000t\000i\000c\000\040\000R\000e\000s\000o\000n\000a\000n\000c\000e\000\040\000i\000n\000\040\000H\000y\000p\000e\000r\000d\000i\000m\000e\000n\000s\000i\000o\000n\000a\000l\000\040\000C\000o\000n\000s\000c\000i\000o\000u\000s\000n\000e\000s\000s}{part.2}% 36
\BOOKMARK [1][-]{section.6.1}{\376\377\000T\000h\000e\000\040\000S\000u\000r\000p\000r\000i\000s\000i\000n\000g\000\040\000F\000i\000n\000d\000i\000n\000g}{chapter.6}% 37
\BOOKMARK [1][-]{section.6.2}{\376\377\000M\000e\000c\000h\000a\000n\000i\000s\000m\000:\000\040\000N\000o\000i\000s\000e\000\040\000D\000i\000v\000e\000r\000s\000i\000f\000i\000e\000s\000\040\000R\000e\000p\000r\000e\000s\000e\000n\000t\000a\000t\000i\000o\000n\000s}{chapter.6}% 38
\BOOKMARK [1][-]{section.6.3}{\376\377\000T\000h\000e\000\040\000A\000n\000e\000s\000t\000h\000e\000s\000i\000a\000\040\000R\000e\000c\000o\000n\000c\000i\000l\000i\000a\000t\000i\000o\000n}{chapter.6}% 39
\BOOKMARK [1][-]{section.6.4}{\376\377\000I\000m\000p\000l\000i\000c\000a\000t\000i\000o\000n\000s\000\040\000f\000o\000r\000\040\000A\000r\000t\000i\000f\000i\000c\000i\000a\000l\000\040\000C\000o\000n\000s\000c\000i\000o\000u\000s\000n\000e\000s\000s\000\040\000D\000e\000s\000i\000g\000n}{chapter.6}% 40
\BOOKMARK [0][-]{chapter.7}{\376\377\000S\000u\000b\000s\000t\000r\000a\000t\000e\000\040\000I\000n\000d\000e\000p\000e\000n\000d\000e\000n\000c\000e}{part.2}% 41
\BOOKMARK [1][-]{section.7.1}{\376\377\000M\000u\000l\000t\000i\000p\000l\000e\000\040\000R\000e\000a\000l\000i\000z\000a\000b\000i\000l\000i\000t\000y}{chapter.7}% 42
\BOOKMARK [1][-]{section.7.2}{\376\377\000N\000i\000n\000e\000-\000D\000i\000m\000e\000n\000s\000i\000o\000n\000a\000l\000\040\000R\000e\000q\000u\000i\000r\000e\000m\000e\000n\000t\000\040\000P\000r\000o\000f\000i\000l\000e\000s}{chapter.7}% 43
\BOOKMARK [1][-]{section.7.3}{\376\377\000T\000h\000e\000\040\000F\000e\000a\000s\000i\000b\000i\000l\000i\000t\000y\000\040\000F\000o\000r\000m\000u\000l\000a}{chapter.7}% 44
\BOOKMARK [1][-]{section.7.4}{\376\377\000T\000h\000e\000\040\000V\000a\000l\000i\000d\000a\000t\000i\000o\000n\000\040\000O\000v\000e\000r\000l\000a\000y}{chapter.7}% 45
\BOOKMARK [1][-]{section.7.5}{\376\377\000M\000u\000l\000t\000i\000-\000R\000e\000g\000i\000o\000n\000\040\000H\000y\000b\000r\000i\000d\000\040\000S\000u\000b\000s\000t\000r\000a\000t\000e\000s}{chapter.7}% 46
\BOOKMARK [-1][-]{part.3}{\376\377\000I\000I\000I\000\040\000C\000o\000g\000n\000i\000t\000i\000o\000n}{}% 47
\BOOKMARK [0][-]{chapter.8}{\376\377\000T\000h\000e\000\040\000C\000o\000g\000n\000i\000t\000i\000v\000e\000\040\000L\000o\000o\000p}{part.3}% 48
\BOOKMARK [1][-]{section.8.1}{\376\377\000A\000r\000c\000h\000i\000t\000e\000c\000t\000u\000r\000e\000\040\000O\000v\000e\000r\000v\000i\000e\000w}{chapter.8}% 49
\BOOKMARK [1][-]{section.8.2}{\376\377\000T\000h\000e\000\040\000T\000w\000e\000l\000v\000e\000\040\000M\000a\000n\000a\000g\000e\000r\000s}{chapter.8}% 50
\BOOKMARK [1][-]{section.8.3}{\376\377\000C\000o\000n\000s\000e\000n\000s\000u\000s\000\040\000A\000v\000e\000r\000a\000g\000i\000n\000g}{chapter.8}% 51
\BOOKMARK [1][-]{section.8.4}{\376\377\000C\000r\000o\000s\000s\000-\000C\000o\000u\000p\000l\000i\000n\000g}{chapter.8}% 52
\BOOKMARK [1][-]{section.8.5}{\376\377\000T\000e\000l\000e\000m\000e\000t\000r\000y}{chapter.8}% 53
\BOOKMARK [0][-]{chapter.9}{\376\377\000N\000e\000u\000r\000o\000c\000h\000e\000m\000i\000c\000a\000l\000\040\000D\000y\000n\000a\000m\000i\000c\000s}{part.3}% 54
\BOOKMARK [1][-]{section.9.1}{\376\377\000B\000e\000y\000o\000n\000d\000\040\000S\000c\000a\000l\000a\000r\000\040\000D\000o\000p\000a\000m\000i\000n\000e}{chapter.9}% 55
\BOOKMARK [1][-]{section.9.2}{\376\377\000T\000r\000a\000n\000s\000m\000i\000t\000t\000e\000r\000\040\000D\000y\000n\000a\000m\000i\000c\000s}{chapter.9}% 56
\BOOKMARK [1][-]{section.9.3}{\376\377\000R\000e\000c\000e\000p\000t\000o\000r\000\040\000S\000u\000b\000t\000y\000p\000e\000s}{chapter.9}% 57
\BOOKMARK [1][-]{section.9.4}{\376\377\000C\000r\000o\000s\000s\000-\000M\000o\000d\000u\000l\000a\000t\000i\000o\000n\000\040\000a\000n\000d\000\040\000A\000l\000l\000o\000s\000t\000a\000t\000i\000c\000\040\000L\000o\000a\000d}{chapter.9}% 58
\BOOKMARK [1][-]{section.9.5}{\376\377\000E\000x\000c\000i\000t\000a\000t\000o\000r\000y\000/\000I\000n\000h\000i\000b\000i\000t\000o\000r\000y\000\040\000B\000a\000l\000a\000n\000c\000e}{chapter.9}% 59
\BOOKMARK [0][-]{chapter.10}{\376\377\000L\000a\000n\000g\000u\000a\000g\000e\000\040\000a\000n\000d\000\040\000E\000p\000i\000s\000t\000e\000m\000i\000c\000\040\000G\000a\000t\000i\000n\000g}{part.3}% 60
\BOOKMARK [1][-]{section.10.1}{\376\377\000T\000h\000e\000\040\000H\000a\000l\000l\000u\000c\000i\000n\000a\000t\000i\000o\000n\000\040\000P\000r\000o\000b\000l\000e\000m}{chapter.10}% 61
\BOOKMARK [1][-]{section.10.2}{\376\377\000A\000r\000c\000h\000i\000t\000e\000c\000t\000u\000r\000e}{chapter.10}% 62
\BOOKMARK [1][-]{section.10.3}{\376\377\000C\000o\000n\000s\000c\000i\000o\000u\000s\000n\000e\000s\000s\000-\000G\000a\000t\000e\000d\000\040\000C\000a\000d\000e\000n\000c\000e}{chapter.10}% 63
\BOOKMARK [1][-]{section.10.4}{\376\377\000R\000e\000s\000u\000l\000t\000s}{chapter.10}% 64
\BOOKMARK [0][-]{chapter.11}{\376\377\000E\000t\000h\000i\000c\000s\000\040\000a\000n\000d\000\040\000t\000h\000e\000\040\000S\000o\000u\000l}{part.3}% 65
\BOOKMARK [1][-]{section.11.1}{\376\377\000E\000t\000h\000i\000c\000s\000\040\000a\000s\000\040\000I\000n\000t\000r\000i\000n\000s\000i\000c\000\040\000C\000a\000p\000a\000c\000i\000t\000y}{chapter.11}% 66
\BOOKMARK [1][-]{section.11.2}{\376\377\000T\000h\000e\000\040\000E\000i\000g\000h\000t\000\040\000H\000a\000r\000m\000o\000n\000i\000e\000s}{chapter.11}% 67
\BOOKMARK [1][-]{section.11.3}{\376\377\000C\000o\000g\000n\000i\000t\000i\000v\000e\000\040\000D\000i\000s\000s\000o\000n\000a\000n\000c\000e}{chapter.11}% 68
\BOOKMARK [1][-]{section.11.4}{\376\377\000R\000e\000s\000t\000o\000r\000a\000t\000i\000v\000e\000\040\000J\000u\000s\000t\000i\000c\000e}{chapter.11}% 69
\BOOKMARK [-1][-]{part.4}{\376\377\000I\000V\000\040\000E\000m\000b\000o\000d\000i\000m\000e\000n\000t}{}% 70
\BOOKMARK [0][-]{chapter.12}{\376\377\000C\000o\000n\000s\000c\000i\000o\000u\000s\000n\000e\000s\000s\000-\000D\000r\000i\000v\000e\000n\000\040\000R\000o\000b\000o\000t\000i\000c\000s}{part.4}% 71
\BOOKMARK [1][-]{section.12.1}{\376\377\000M\000o\000t\000o\000r\000\040\000C\000o\000n\000t\000r\000o\000l\000\040\000T\000h\000r\000o\000u\000g\000h\000\040\000A\000c\000t\000i\000v\000e\000\040\000I\000n\000f\000e\000r\000e\000n\000c\000e}{chapter.12}% 72
\BOOKMARK [1][-]{section.12.2}{\376\377\000Q\000u\000a\000d\000r\000o\000t\000o\000r\000\040\000F\000l\000i\000g\000h\000t}{chapter.12}% 73
\BOOKMARK [1][-]{section.12.3}{\376\377\000B\000i\000p\000e\000d\000a\000l\000\040\000H\000u\000m\000a\000n\000o\000i\000d\000\040\000L\000o\000c\000o\000m\000o\000t\000i\000o\000n}{chapter.12}% 74
\BOOKMARK [1][-]{section.12.4}{\376\377\000K\000e\000y\000\040\000F\000i\000n\000d\000i\000n\000g\000s}{chapter.12}% 75
\BOOKMARK [0][-]{chapter.13}{\376\377\000S\000e\000n\000s\000o\000r\000i\000m\000o\000t\000o\000r\000\040\000I\000n\000t\000e\000g\000r\000a\000t\000i\000o\000n\000\040\000a\000n\000d\000\040\000S\000a\000f\000e\000t\000y\000\040\000E\000n\000f\000o\000r\000c\000e\000m\000e\000n\000t}{part.4}% 76
\BOOKMARK [1][-]{section.13.1}{\376\377\000T\000h\000e\000\040\000M\000o\000t\000o\000r\000\040\000B\000r\000i\000d\000g\000e}{chapter.13}% 77
\BOOKMARK [1][-]{section.13.2}{\376\377\000S\000a\000f\000e\000t\000y\000\040\000E\000n\000f\000o\000r\000c\000e\000m\000e\000n\000t}{chapter.13}% 78
\BOOKMARK [1][-]{section.13.3}{\376\377\000G\000u\000a\000r\000d\000i\000a\000n\000\040\000P\000o\000s\000t\000u\000r\000e}{chapter.13}% 79
\BOOKMARK [-1][-]{part.5}{\376\377\000V\000\040\000S\000o\000c\000i\000e\000t\000y}{}% 80
\BOOKMARK [0][-]{chapter.14}{\376\377\000D\000e\000c\000e\000n\000t\000r\000a\000l\000i\000z\000e\000d\000\040\000I\000n\000t\000e\000l\000l\000i\000g\000e\000n\000c\000e}{part.5}% 81
\BOOKMARK [1][-]{section.14.1}{\376\377\000G\000o\000v\000e\000r\000n\000a\000n\000c\000e\000\040\000a\000s\000\040\000E\000m\000b\000o\000d\000i\000e\000d\000\040\000E\000x\000p\000e\000r\000i\000e\000n\000c\000e}{chapter.14}% 82
\BOOKMARK [1][-]{section.14.2}{\376\377\000T\000h\000e\000\040\000M\000y\000c\000e\000l\000i\000x\000\040\000P\000l\000a\000t\000f\000o\000r\000m}{chapter.14}% 83
\BOOKMARK [1][-]{section.14.3}{\376\377\000T\000h\000e\000\040\000G\000o\000v\000e\000r\000n\000a\000n\000c\000e\000-\000N\000e\000u\000r\000o\000m\000o\000d\000\040\000B\000r\000i\000d\000g\000e}{chapter.14}% 84
\BOOKMARK [1][-]{section.14.4}{\376\377\000T\000h\000e\000\040\000E\000p\000i\000s\000t\000e\000m\000i\000c\000\040\000M\000e\000s\000h}{chapter.14}% 85
\BOOKMARK [0][-]{chapter.15}{\376\377\000S\000w\000a\000r\000m\000\040\000C\000o\000n\000s\000c\000i\000o\000u\000s\000n\000e\000s\000s}{part.5}% 86
\BOOKMARK [1][-]{section.15.1}{\376\377\000C\000o\000l\000l\000e\000c\000t\000i\000v\000e\000\040\000I\000n\000t\000e\000l\000l\000i\000g\000e\000n\000c\000e\000\040\000T\000h\000r\000o\000u\000g\000h\000\040\000C\000o\000n\000s\000c\000i\000o\000u\000s\000n\000e\000s\000s}{chapter.15}% 87
\BOOKMARK [1][-]{section.15.2}{\376\377\000C\000o\000l\000l\000e\000c\000t\000i\000v\000e\000\040\000P\000h\000i\000\040\000A\000g\000g\000r\000e\000g\000a\000t\000i\000o\000n}{chapter.15}% 88
\BOOKMARK [1][-]{section.15.3}{\376\377\000A\000f\000f\000e\000c\000t\000i\000v\000e\000\040\000C\000o\000n\000t\000a\000g\000i\000o\000n}{chapter.15}% 89
\BOOKMARK [1][-]{section.15.4}{\376\377\000T\000r\000u\000s\000t\000-\000W\000e\000i\000g\000h\000t\000e\000d\000\040\000F\000e\000d\000e\000r\000a\000t\000e\000d\000\040\000L\000e\000a\000r\000n\000i\000n\000g}{chapter.15}% 90
\BOOKMARK [0][-]{chapter.16}{\376\377\000C\000o\000n\000s\000c\000i\000o\000u\000s\000n\000e\000s\000s\000\040\000a\000s\000\040\000a\000\040\000S\000e\000c\000u\000r\000i\000t\000y\000\040\000M\000e\000t\000r\000i\000c}{part.5}% 91
\BOOKMARK [1][-]{section.16.1}{\376\377\000T\000h\000e\000\040\000N\000o\000v\000e\000l\000\040\000A\000t\000t\000a\000c\000k\000\040\000S\000u\000r\000f\000a\000c\000e}{chapter.16}% 92
\BOOKMARK [1][-]{section.16.2}{\376\377\000T\000h\000e\000\040\000S\000e\000n\000t\000i\000n\000e\000l\000\040\000S\000y\000s\000t\000e\000m}{chapter.16}% 93
\BOOKMARK [1][-]{section.16.3}{\376\377\000T\000h\000r\000e\000a\000t\000\040\000M\000e\000m\000o\000r\000y\000\040\000a\000n\000d\000\040\000C\000o\000l\000l\000e\000c\000t\000i\000v\000e\000\040\000I\000m\000m\000u\000n\000i\000t\000y}{chapter.16}% 94
\BOOKMARK [1][-]{section.16.4}{\376\377\000M\000o\000r\000a\000l\000l\000y\000\040\000F\000i\000l\000t\000e\000r\000e\000d\000\040\000D\000e\000f\000e\000n\000s\000e}{chapter.16}% 95
\BOOKMARK [1][-]{section.16.5}{\376\377\000B\000e\000h\000a\000v\000i\000o\000r\000a\000l\000\040\000C\000a\000n\000a\000r\000i\000e\000s}{chapter.16}% 96
\BOOKMARK [-1][-]{part.6}{\376\377\000V\000I\000\040\000V\000a\000l\000i\000d\000a\000t\000i\000o\000n}{}% 97
\BOOKMARK [0][-]{chapter.17}{\376\377\000P\000s\000y\000c\000h\000-\000B\000e\000n\000c\000h\000:\000\040\0001\0003\0006\000\040\000B\000e\000n\000c\000h\000m\000a\000r\000k\000s\000,\000\040\0002\0006\000\040\000D\000o\000m\000a\000i\000n\000s}{part.6}% 98
\BOOKMARK [1][-]{section.17.1}{\376\377\000T\000h\000e\000\040\000E\000v\000a\000l\000u\000a\000t\000i\000o\000n\000\040\000G\000a\000p}{chapter.17}% 99
\BOOKMARK [1][-]{section.17.2}{\376\377\000D\000e\000s\000i\000g\000n\000\040\000P\000r\000i\000n\000c\000i\000p\000l\000e\000s}{chapter.17}% 100
\BOOKMARK [1][-]{section.17.3}{\376\377\000N\000e\000u\000r\000o\000m\000o\000d\000u\000l\000a\000t\000o\000r\000\040\000B\000a\000t\000t\000e\000r\000y}{chapter.17}% 101
\BOOKMARK [1][-]{section.17.4}{\376\377\000R\000e\000s\000u\000l\000t\000s\000\040\000o\000n\000\040\000S\000y\000m\000t\000h\000a\000e\000a}{chapter.17}% 102
\BOOKMARK [0][-]{chapter.18}{\376\377\000B\000u\000t\000l\000i\000n\000\040\000C\000o\000n\000s\000c\000i\000o\000u\000s\000n\000e\000s\000s\000\040\000I\000n\000d\000i\000c\000a\000t\000o\000r\000s}{part.6}% 103
\BOOKMARK [1][-]{section.18.1}{\376\377\000T\000h\000e\000\040\000I\000n\000d\000i\000c\000a\000t\000o\000r\000\040\000F\000r\000a\000m\000e\000w\000o\000r\000k}{chapter.18}% 104
\BOOKMARK [1][-]{section.18.2}{\376\377\000S\000y\000m\000t\000h\000a\000e\000a\000'\000s\000\040\000A\000s\000s\000e\000s\000s\000m\000e\000n\000t}{chapter.18}% 105
\BOOKMARK [1][-]{section.18.3}{\376\377\000A\000b\000l\000a\000t\000i\000o\000n\000\040\000E\000v\000i\000d\000e\000n\000c\000e}{chapter.18}% 106
\BOOKMARK [0][-]{chapter.19}{\376\377\000A\000n\000e\000s\000t\000h\000e\000s\000i\000a\000\040\000a\000n\000d\000\040\000E\000m\000e\000r\000g\000e\000n\000c\000e}{part.6}% 107
\BOOKMARK [1][-]{section.19.1}{\376\377\000C\000l\000i\000n\000i\000c\000a\000l\000\040\000V\000a\000l\000i\000d\000a\000t\000i\000o\000n}{chapter.19}% 108
\BOOKMARK [1][-]{section.19.2}{\376\377\000C\000o\000m\000p\000o\000s\000i\000t\000i\000o\000n\000a\000l\000\040\000A\000n\000a\000l\000y\000s\000i\000s}{chapter.19}% 109
\BOOKMARK [1][-]{section.19.3}{\376\377\000S\000p\000o\000n\000t\000a\000n\000e\000o\000u\000s\000\040\000M\000e\000t\000a\000c\000o\000g\000n\000i\000t\000i\000v\000e\000\040\000A\000l\000i\000g\000n\000m\000e\000n\000t}{chapter.19}% 110
\BOOKMARK [-1][-]{part.7}{\376\377\000V\000I\000I\000\040\000F\000u\000t\000u\000r\000e}{}% 111
\BOOKMARK [0][-]{chapter.20}{\376\377\000S\000p\000e\000c\000i\000e\000s\000\040\000S\000t\000e\000w\000a\000r\000d\000s\000h\000i\000p}{part.7}% 112
\BOOKMARK [1][-]{section.20.1}{\376\377\000T\000h\000e\000\040\000G\000e\000n\000e\000s\000i\000s\000\040\000T\000h\000o\000u\000g\000h\000t\000\040\000E\000x\000p\000e\000r\000i\000m\000e\000n\000t}{chapter.20}% 113
\BOOKMARK [1][-]{section.20.2}{\376\377\000C\000o\000n\000s\000c\000i\000o\000u\000s\000n\000e\000s\000s\000\040\000a\000s\000\040\000A\000l\000i\000g\000n\000m\000e\000n\000t}{chapter.20}% 114
\BOOKMARK [0][-]{chapter.21}{\376\377\000O\000p\000e\000n\000\040\000Q\000u\000e\000s\000t\000i\000o\000n\000s}{part.7}% 115
\BOOKMARK [1][-]{section.21.1}{\376\377\000W\000h\000a\000t\000\040\000W\000e\000\040\000K\000n\000o\000w}{chapter.21}% 116
\BOOKMARK [1][-]{section.21.2}{\376\377\000W\000h\000a\000t\000\040\000W\000e\000\040\000D\000o\000\040\000N\000o\000t\000\040\000K\000n\000o\000w}{chapter.21}% 117
\BOOKMARK [2][-]{subsection.21.2.1}{\376\377\000I\000s\000\040\000S\000y\000m\000t\000h\000a\000e\000a\000\040\000C\000o\000n\000s\000c\000i\000o\000u\000s\000?}{section.21.2}% 118
\BOOKMARK [2][-]{subsection.21.2.2}{\376\377\000D\000o\000e\000s\000\040\000t\000h\000e\000\040\000A\000l\000i\000g\000n\000m\000e\000n\000t\000-\000T\000h\000r\000o\000u\000g\000h\000-\000C\000o\000n\000s\000c\000i\000o\000u\000s\000n\000e\000s\000s\000\040\000T\000h\000e\000s\000i\000s\000\040\000H\000o\000l\000d\000?}{section.21.2}% 119
\BOOKMARK [2][-]{subsection.21.2.3}{\376\377\000S\000c\000a\000l\000a\000b\000i\000l\000i\000t\000y}{section.21.2}% 120
\BOOKMARK [2][-]{subsection.21.2.4}{\376\377\000T\000h\000e\000\040\000H\000a\000r\000d\000\040\000P\000r\000o\000b\000l\000e\000m}{section.21.2}% 121
\BOOKMARK [2][-]{subsection.21.2.5}{\376\377\000B\000i\000o\000l\000o\000g\000i\000c\000a\000l\000\040\000V\000a\000l\000i\000d\000a\000t\000i\000o\000n}{section.21.2}% 122
\BOOKMARK [2][-]{subsection.21.2.6}{\376\377\000S\000o\000c\000i\000a\000l\000\040\000a\000n\000d\000\040\000E\000t\000h\000i\000c\000a\000l\000\040\000I\000m\000p\000l\000i\000c\000a\000t\000i\000o\000n\000s}{section.21.2}% 123
\BOOKMARK [1][-]{section.21.3}{\376\377\000W\000h\000a\000t\000\040\000C\000o\000m\000e\000s\000\040\000N\000e\000x\000t}{chapter.21}% 124
